{"timestamp":"2026-05-29T07:16:01.736082Z","level":"info","event":"DAG bundles loaded: dags-folder","logger":"airflow.dag_processing.bundles.manager.DagBundlesManager","filename":"manager.py","lineno":209}
{"timestamp":"2026-05-29T07:16:01.741757Z","level":"info","event":"Filling up the DagBag from /opt/airflow/dags/exercise_1/etl_engineer_challenge.py","logger":"airflow.dag_processing.dagbag.BundleDagBag","filename":"dagbag.py","lineno":469}
{"timestamp":"2026-05-29T07:16:01.780109Z","level":"warning","event":"The `airflow.decorators.dag` attribute is deprecated. Please use `'airflow.sdk.dag'`.","category":"UserWarning","filename":"/opt/airflow/dags/exercise_1/etl_engineer_challenge.py","lineno":8,"logger":"py.warnings"}
{"timestamp":"2026-05-29T07:16:01.780241Z","level":"warning","event":"The `airflow.decorators.task` attribute is deprecated. Please use `'airflow.sdk.task'`.","category":"UserWarning","filename":"/opt/airflow/dags/exercise_1/etl_engineer_challenge.py","lineno":8,"logger":"py.warnings"}
{"timestamp":"2026-05-29T07:16:02.148050Z","level":"warning","event":"The `airflow.hooks.base.BaseHook` attribute is deprecated. Please use `'airflow.sdk.bases.hook.BaseHook'`.","category":"DeprecatedImportWarning","filename":"/opt/airflow/dags/exercise_1/etl_engineer_challenge.py","lineno":43,"logger":"py.warnings"}
{"timestamp":"2026-05-29T07:16:02.148297Z","level":"info","event":"process_data: start","logger":"unusual_prefix_80a755f5b4d75239b321c4f1da22474359a992cb_etl_engineer_challenge","filename":"etl_engineer_challenge.py","lineno":48}
{"timestamp":"2026-05-29T07:16:02.148666Z","level":"info","event":"process_data: retrieving MinIO connection","logger":"unusual_prefix_80a755f5b4d75239b321c4f1da22474359a992cb_etl_engineer_challenge","filename":"etl_engineer_challenge.py","lineno":55}
{"timestamp":"2026-05-29T07:16:02.158795Z","level":"info","event":"process_data: MinIO connection retrieved","logger":"unusual_prefix_80a755f5b4d75239b321c4f1da22474359a992cb_etl_engineer_challenge","filename":"etl_engineer_challenge.py","lineno":63}
{"timestamp":"2026-05-29T07:16:02.158952Z","level":"info","event":"process_data: creating S3 client","logger":"unusual_prefix_80a755f5b4d75239b321c4f1da22474359a992cb_etl_engineer_challenge","filename":"etl_engineer_challenge.py","lineno":72}
{"timestamp":"2026-05-29T07:16:02.224995Z","level":"info","event":"process_data: reading CSV from MinIO bucket=bck-landing key=data/data_prueba_tecnica.csv","logger":"unusual_prefix_80a755f5b4d75239b321c4f1da22474359a992cb_etl_engineer_challenge","filename":"etl_engineer_challenge.py","lineno":81}
{"timestamp":"2026-05-29T07:16:02.291382Z","level":"info","event":"process_data: CSV bytes read successfully","logger":"unusual_prefix_80a755f5b4d75239b321c4f1da22474359a992cb_etl_engineer_challenge","filename":"etl_engineer_challenge.py","lineno":83}
{"timestamp":"2026-05-29T07:16:02.291528Z","level":"info","event":"process_data: loading CSV into DataFrame","logger":"unusual_prefix_80a755f5b4d75239b321c4f1da22474359a992cb_etl_engineer_challenge","filename":"etl_engineer_challenge.py","lineno":85}
{"timestamp":"2026-05-29T07:16:02.305243Z","level":"info","event":"process_data: DataFrame loaded rows=10000 cols=7","logger":"unusual_prefix_80a755f5b4d75239b321c4f1da22474359a992cb_etl_engineer_challenge","filename":"etl_engineer_challenge.py","lineno":92}
{"timestamp":"2026-05-29T07:16:02.305377Z","level":"info","event":"process_data: starting cleaning","logger":"unusual_prefix_80a755f5b4d75239b321c4f1da22474359a992cb_etl_engineer_challenge","filename":"etl_engineer_challenge.py","lineno":98}
{"timestamp":"2026-05-29T07:16:02.400488Z","level":"info","event":"process_data: cleaning finished rows=9897 cols=11","logger":"unusual_prefix_80a755f5b4d75239b321c4f1da22474359a992cb_etl_engineer_challenge","filename":"etl_engineer_challenge.py","lineno":166}
{"timestamp":"2026-05-29T07:16:02.400715Z","level":"info","event":"process_data: starting aggregation","logger":"unusual_prefix_80a755f5b4d75239b321c4f1da22474359a992cb_etl_engineer_challenge","filename":"etl_engineer_challenge.py","lineno":172}
{"timestamp":"2026-05-29T07:16:02.427078Z","level":"info","event":"process_data: aggregation finished rows=167 cols=11","logger":"unusual_prefix_80a755f5b4d75239b321c4f1da22474359a992cb_etl_engineer_challenge","filename":"etl_engineer_challenge.py","lineno":188}
{"timestamp":"2026-05-29T07:16:02.427229Z","level":"info","event":"process_data: writing parquet to MinIO bucket=bck-bronze key=master/data_prueba_tecnica.parquet","logger":"unusual_prefix_80a755f5b4d75239b321c4f1da22474359a992cb_etl_engineer_challenge","filename":"etl_engineer_challenge.py","lineno":198}
{"timestamp":"2026-05-29T07:16:02.625578Z","level":"info","event":"process_data: parquet written successfully","logger":"unusual_prefix_80a755f5b4d75239b321c4f1da22474359a992cb_etl_engineer_challenge","filename":"etl_engineer_challenge.py","lineno":203}
{"timestamp":"2026-05-29T07:16:02.625728Z","level":"info","event":"process_data: end","logger":"unusual_prefix_80a755f5b4d75239b321c4f1da22474359a992cb_etl_engineer_challenge","filename":"etl_engineer_challenge.py","lineno":208}
{"timestamp":"2026-05-29T07:16:02.626678Z","level":"info","event":"Done. Returned value was: {'source_bucket': 'bck-landing', 'source_key': 'data/data_prueba_tecnica.csv', 'target_bucket': 'bck-bronze', 'target_key': 'master/data_prueba_tecnica.parquet', 'rows_written': 167}","logger":"airflow.task.operators.airflow.providers.standard.decorators.python._PythonDecoratedOperator","filename":"python.py","lineno":229}
{"timestamp":"2026-05-29T07:16:02.628340Z","level":"info","event":"Pushing xcom","ti":"RuntimeTaskInstance(id=UUID('019e7297-05a2-7bd4-9327-703ad016d4cc'), task_id='process_data', dag_id='etl_engineer_challenge', run_id='manual__2026-05-29T07:16:00.534298+00:00', try_number=1, dag_version_id=UUID('019e7158-2d31-780b-9486-1025b2a920c8'), map_index=-1, hostname='6a5a8f7a7d28', context_carrier={'traceparent': '00-efde1ad8bb90b5f89d56b13c28103e18-4230d12e7f5ce3c8-01'}, task=<Task(_PythonDecoratedOperator): process_data>, bundle_instance=LocalDagBundle(name=dags-folder), max_tries=1, start_date=datetime.datetime(2026, 5, 29, 7, 16, 1, 700410, tzinfo=datetime.timezone.utc), end_date=None, state=<TaskInstanceState.RUNNING: 'running'>, is_mapped=False, rendered_map_index=None, sentry_integration='')","logger":"task","filename":"task_runner.py","lineno":1724}
