{"timestamp":"2026-05-29T06:08:09.054971Z","level":"info","event":"DAG bundles loaded: dags-folder","logger":"airflow.dag_processing.bundles.manager.DagBundlesManager","filename":"manager.py","lineno":209}
{"timestamp":"2026-05-29T06:08:09.057114Z","level":"info","event":"Filling up the DagBag from /opt/airflow/dags/exercise_1/etl_engineer_challenge.py","logger":"airflow.dag_processing.dagbag.BundleDagBag","filename":"dagbag.py","lineno":469}
{"timestamp":"2026-05-29T06:08:09.082804Z","level":"warning","event":"The `airflow.decorators.dag` attribute is deprecated. Please use `'airflow.sdk.dag'`.","category":"UserWarning","filename":"/opt/airflow/dags/exercise_1/etl_engineer_challenge.py","lineno":8,"logger":"py.warnings"}
{"timestamp":"2026-05-29T06:08:09.082987Z","level":"warning","event":"The `airflow.decorators.task` attribute is deprecated. Please use `'airflow.sdk.task'`.","category":"UserWarning","filename":"/opt/airflow/dags/exercise_1/etl_engineer_challenge.py","lineno":8,"logger":"py.warnings"}
{"timestamp":"2026-05-29T06:08:09.518378Z","level":"warning","event":"The `airflow.hooks.base.BaseHook` attribute is deprecated. Please use `'airflow.sdk.bases.hook.BaseHook'`.","category":"DeprecatedImportWarning","filename":"/opt/airflow/dags/exercise_1/etl_engineer_challenge.py","lineno":43,"logger":"py.warnings"}
{"timestamp":"2026-05-29T06:08:09.518688Z","level":"info","event":"process_data: start","logger":"unusual_prefix_80a755f5b4d75239b321c4f1da22474359a992cb_etl_engineer_challenge","filename":"etl_engineer_challenge.py","lineno":48}
{"timestamp":"2026-05-29T06:08:09.518866Z","level":"info","event":"process_data: retrieving MinIO connection","logger":"unusual_prefix_80a755f5b4d75239b321c4f1da22474359a992cb_etl_engineer_challenge","filename":"etl_engineer_challenge.py","lineno":55}
{"timestamp":"2026-05-29T06:08:09.531892Z","level":"info","event":"process_data: MinIO connection retrieved","logger":"unusual_prefix_80a755f5b4d75239b321c4f1da22474359a992cb_etl_engineer_challenge","filename":"etl_engineer_challenge.py","lineno":63}
{"timestamp":"2026-05-29T06:08:09.532166Z","level":"info","event":"process_data: creating S3 client","logger":"unusual_prefix_80a755f5b4d75239b321c4f1da22474359a992cb_etl_engineer_challenge","filename":"etl_engineer_challenge.py","lineno":72}
{"timestamp":"2026-05-29T06:08:09.627088Z","level":"info","event":"process_data: reading CSV from MinIO bucket=bck-landing key=data/data_prueba_tecnica.csv","logger":"unusual_prefix_80a755f5b4d75239b321c4f1da22474359a992cb_etl_engineer_challenge","filename":"etl_engineer_challenge.py","lineno":81}
{"timestamp":"2026-05-29T06:08:09.667021Z","level":"info","event":"process_data: CSV bytes read successfully","logger":"unusual_prefix_80a755f5b4d75239b321c4f1da22474359a992cb_etl_engineer_challenge","filename":"etl_engineer_challenge.py","lineno":83}
{"timestamp":"2026-05-29T06:08:09.667225Z","level":"info","event":"process_data: loading CSV into DataFrame","logger":"unusual_prefix_80a755f5b4d75239b321c4f1da22474359a992cb_etl_engineer_challenge","filename":"etl_engineer_challenge.py","lineno":85}
{"timestamp":"2026-05-29T06:08:09.693621Z","level":"info","event":"process_data: DataFrame loaded rows=10000 cols=7","logger":"unusual_prefix_80a755f5b4d75239b321c4f1da22474359a992cb_etl_engineer_challenge","filename":"etl_engineer_challenge.py","lineno":92}
{"timestamp":"2026-05-29T06:08:09.693845Z","level":"info","event":"process_data: starting cleaning","logger":"unusual_prefix_80a755f5b4d75239b321c4f1da22474359a992cb_etl_engineer_challenge","filename":"etl_engineer_challenge.py","lineno":98}
{"timestamp":"2026-05-29T06:08:09.693950Z","level":"info","event":"process_data: DataFrame loaded rows=10000 cols=7","logger":"unusual_prefix_80a755f5b4d75239b321c4f1da22474359a992cb_etl_engineer_challenge","filename":"etl_engineer_challenge.py","lineno":99}
{"timestamp":"2026-05-29T06:08:09.696758Z","level":"error","event":"--- Logging error ---","logger":"task.stderr"}
{"timestamp":"2026-05-29T06:08:09.697264Z","level":"error","event":"Traceback (most recent call last):","logger":"task.stderr"}
{"timestamp":"2026-05-29T06:08:09.697786Z","level":"error","event":"  File \"/usr/python/lib/python3.13/logging/__init__.py\", line 1151, in emit","logger":"task.stderr"}
{"timestamp":"2026-05-29T06:08:09.698131Z","level":"error","event":"    msg = self.format(record)","logger":"task.stderr"}
{"timestamp":"2026-05-29T06:08:09.698421Z","level":"error","event":"  File \"/usr/python/lib/python3.13/logging/__init__.py\", line 999, in format","logger":"task.stderr"}
{"timestamp":"2026-05-29T06:08:09.698883Z","level":"error","event":"    return fmt.format(record)","logger":"task.stderr"}
{"timestamp":"2026-05-29T06:08:09.699255Z","level":"error","event":"           ~~~~~~~~~~^^^^^^^^","logger":"task.stderr"}
{"timestamp":"2026-05-29T06:08:09.699645Z","level":"error","event":"  File \"/home/airflow/.local/lib/python3.13/site-packages/structlog/stdlib.py\", line 1154, in format","logger":"task.stderr"}
{"timestamp":"2026-05-29T06:08:09.699964Z","level":"error","event":"    ed = cast(EventDict, proc(logger, meth_name, ed))","logger":"task.stderr"}
{"timestamp":"2026-05-29T06:08:09.700371Z","level":"error","event":"                         ~~~~^^^^^^^^^^^^^^^^^^^^^^^","logger":"task.stderr"}
{"timestamp":"2026-05-29T06:08:09.700731Z","level":"error","event":"  File \"/home/airflow/.local/lib/python3.13/site-packages/structlog/stdlib.py\", line 767, in __call__","logger":"task.stderr"}
{"timestamp":"2026-05-29T06:08:09.701030Z","level":"error","event":"    event_dict[\"event\"] %= args","logger":"task.stderr"}
{"timestamp":"2026-05-29T06:08:09.701358Z","level":"error","event":"TypeError: not all arguments converted during string formatting","logger":"task.stderr"}
{"timestamp":"2026-05-29T06:08:09.701660Z","level":"error","event":"Call stack:","logger":"task.stderr"}
{"timestamp":"2026-05-29T06:08:09.711946Z","level":"error","event":"  File \"/home/airflow/.local/bin/airflow\", line 6, in <module>","logger":"task.stderr"}
{"timestamp":"2026-05-29T06:08:09.712521Z","level":"error","event":"    sys.exit(main())","logger":"task.stderr"}
{"timestamp":"2026-05-29T06:08:09.712940Z","level":"error","event":"  File \"/home/airflow/.local/lib/python3.13/site-packages/airflow/__main__.py\", line 55, in main","logger":"task.stderr"}
{"timestamp":"2026-05-29T06:08:09.713274Z","level":"error","event":"    args.func(args)","logger":"task.stderr"}
{"timestamp":"2026-05-29T06:08:09.713752Z","level":"error","event":"  File \"/home/airflow/.local/lib/python3.13/site-packages/airflow/cli/cli_config.py\", line 49, in command","logger":"task.stderr"}
{"timestamp":"2026-05-29T06:08:09.714235Z","level":"error","event":"    return func(*args, **kwargs)","logger":"task.stderr"}
{"timestamp":"2026-05-29T06:08:09.714691Z","level":"error","event":"  File \"/home/airflow/.local/lib/python3.13/site-packages/airflow/utils/cli.py\", line 113, in wrapper","logger":"task.stderr"}
{"timestamp":"2026-05-29T06:08:09.715163Z","level":"error","event":"    return f(*args, **kwargs)","logger":"task.stderr"}
{"timestamp":"2026-05-29T06:08:09.715526Z","level":"error","event":"  File \"/home/airflow/.local/lib/python3.13/site-packages/airflow/providers/celery/cli/celery_command.py\", line 67, in wrapper","logger":"task.stderr"}
{"timestamp":"2026-05-29T06:08:09.715951Z","level":"error","event":"    providers_configuration_loaded(func)(*args, **kwargs)","logger":"task.stderr"}
{"timestamp":"2026-05-29T06:08:09.716499Z","level":"error","event":"  File \"/home/airflow/.local/lib/python3.13/site-packages/airflow/utils/providers_configuration_loader.py\", line 54, in wrapped_function","logger":"task.stderr"}
{"timestamp":"2026-05-29T06:08:09.716845Z","level":"error","event":"    return func(*args, **kwargs)","logger":"task.stderr"}
{"timestamp":"2026-05-29T06:08:09.717105Z","level":"error","event":"  File \"/home/airflow/.local/lib/python3.13/site-packages/airflow/providers/celery/cli/celery_command.py\", line 320, in worker","logger":"task.stderr"}
{"timestamp":"2026-05-29T06:08:09.717349Z","level":"error","event":"    _run_command_with_daemon_option(","logger":"task.stderr"}
{"timestamp":"2026-05-29T06:08:09.717718Z","level":"error","event":"  File \"/home/airflow/.local/lib/python3.13/site-packages/airflow/providers/celery/cli/celery_command.py\", line 53, in _run_command_with_daemon_option","logger":"task.stderr"}
{"timestamp":"2026-05-29T06:08:09.718003Z","level":"error","event":"    run_command_with_daemon_option(*args, **kwargs)","logger":"task.stderr"}
{"timestamp":"2026-05-29T06:08:09.718284Z","level":"error","event":"  File \"/home/airflow/.local/lib/python3.13/site-packages/airflow/cli/commands/daemon_utils.py\", line 86, in run_command_with_daemon_option","logger":"task.stderr"}
{"timestamp":"2026-05-29T06:08:09.718601Z","level":"error","event":"    callback()","logger":"task.stderr"}
{"timestamp":"2026-05-29T06:08:09.719318Z","level":"error","event":"  File \"/home/airflow/.local/lib/python3.13/site-packages/airflow/providers/celery/cli/celery_command.py\", line 313, in run_celery_worker","logger":"task.stderr"}
{"timestamp":"2026-05-29T06:08:09.719648Z","level":"error","event":"    celery_app.worker_main(options)","logger":"task.stderr"}
{"timestamp":"2026-05-29T06:08:09.719907Z","level":"error","event":"  File \"/home/airflow/.local/lib/python3.13/site-packages/celery/app/base.py\", line 509, in worker_main","logger":"task.stderr"}
{"timestamp":"2026-05-29T06:08:09.720210Z","level":"error","event":"    self.start(argv=argv)","logger":"task.stderr"}
{"timestamp":"2026-05-29T06:08:09.720460Z","level":"error","event":"  File \"/home/airflow/.local/lib/python3.13/site-packages/celery/app/base.py\", line 489, in start","logger":"task.stderr"}
{"timestamp":"2026-05-29T06:08:09.720707Z","level":"error","event":"    celery.main(args=argv, standalone_mode=False)","logger":"task.stderr"}
{"timestamp":"2026-05-29T06:08:09.720992Z","level":"error","event":"  File \"/home/airflow/.local/lib/python3.13/site-packages/click/core.py\", line 1406, in main","logger":"task.stderr"}
{"timestamp":"2026-05-29T06:08:09.721332Z","level":"error","event":"    rv = self.invoke(ctx)","logger":"task.stderr"}
{"timestamp":"2026-05-29T06:08:09.721757Z","level":"error","event":"  File \"/home/airflow/.local/lib/python3.13/site-packages/click/core.py\", line 1873, in invoke","logger":"task.stderr"}
{"timestamp":"2026-05-29T06:08:09.722076Z","level":"error","event":"    return _process_result(sub_ctx.command.invoke(sub_ctx))","logger":"task.stderr"}
{"timestamp":"2026-05-29T06:08:09.722362Z","level":"error","event":"  File \"/home/airflow/.local/lib/python3.13/site-packages/click/core.py\", line 1269, in invoke","logger":"task.stderr"}
{"timestamp":"2026-05-29T06:08:09.722598Z","level":"error","event":"    return ctx.invoke(self.callback, **ctx.params)","logger":"task.stderr"}
{"timestamp":"2026-05-29T06:08:09.722875Z","level":"error","event":"  File \"/home/airflow/.local/lib/python3.13/site-packages/click/core.py\", line 824, in invoke","logger":"task.stderr"}
{"timestamp":"2026-05-29T06:08:09.723123Z","level":"error","event":"    return callback(*args, **kwargs)","logger":"task.stderr"}
{"timestamp":"2026-05-29T06:08:09.723369Z","level":"error","event":"  File \"/home/airflow/.local/lib/python3.13/site-packages/click/decorators.py\", line 34, in new_func","logger":"task.stderr"}
{"timestamp":"2026-05-29T06:08:09.723623Z","level":"error","event":"    return f(get_current_context(), *args, **kwargs)","logger":"task.stderr"}
{"timestamp":"2026-05-29T06:08:09.723835Z","level":"error","event":"  File \"/home/airflow/.local/lib/python3.13/site-packages/celery/bin/base.py\", line 158, in caller","logger":"task.stderr"}
{"timestamp":"2026-05-29T06:08:09.724027Z","level":"error","event":"    return f(ctx, *args, **kwargs)","logger":"task.stderr"}
{"timestamp":"2026-05-29T06:08:09.724236Z","level":"error","event":"  File \"/home/airflow/.local/lib/python3.13/site-packages/celery/bin/worker.py\", line 367, in worker","logger":"task.stderr"}
{"timestamp":"2026-05-29T06:08:09.724420Z","level":"error","event":"    worker.start()","logger":"task.stderr"}
{"timestamp":"2026-05-29T06:08:09.724632Z","level":"error","event":"  File \"/home/airflow/.local/lib/python3.13/site-packages/celery/worker/worker.py\", line 203, in start","logger":"task.stderr"}
{"timestamp":"2026-05-29T06:08:09.724862Z","level":"error","event":"    self.blueprint.start(self)","logger":"task.stderr"}
{"timestamp":"2026-05-29T06:08:09.725055Z","level":"error","event":"  File \"/home/airflow/.local/lib/python3.13/site-packages/celery/bootsteps.py\", line 116, in start","logger":"task.stderr"}
{"timestamp":"2026-05-29T06:08:09.725235Z","level":"error","event":"    step.start(parent)","logger":"task.stderr"}
{"timestamp":"2026-05-29T06:08:09.725429Z","level":"error","event":"  File \"/home/airflow/.local/lib/python3.13/site-packages/celery/bootsteps.py\", line 365, in start","logger":"task.stderr"}
{"timestamp":"2026-05-29T06:08:09.725813Z","level":"error","event":"    return self.obj.start()","logger":"task.stderr"}
{"timestamp":"2026-05-29T06:08:09.726225Z","level":"error","event":"  File \"/home/airflow/.local/lib/python3.13/site-packages/celery/concurrency/base.py\", line 130, in start","logger":"task.stderr"}
{"timestamp":"2026-05-29T06:08:09.726620Z","level":"error","event":"    self.on_start()","logger":"task.stderr"}
{"timestamp":"2026-05-29T06:08:09.726993Z","level":"error","event":"  File \"/home/airflow/.local/lib/python3.13/site-packages/celery/concurrency/prefork.py\", line 112, in on_start","logger":"task.stderr"}
{"timestamp":"2026-05-29T06:08:09.727233Z","level":"error","event":"    P = self._pool = Pool(processes=self.limit,","logger":"task.stderr"}
{"timestamp":"2026-05-29T06:08:09.727463Z","level":"error","event":"  File \"/home/airflow/.local/lib/python3.13/site-packages/celery/concurrency/asynpool.py\", line 475, in __init__","logger":"task.stderr"}
{"timestamp":"2026-05-29T06:08:09.727678Z","level":"error","event":"    super().__init__(processes, *args, synack=synack, **kwargs)","logger":"task.stderr"}
{"timestamp":"2026-05-29T06:08:09.727938Z","level":"error","event":"  File \"/home/airflow/.local/lib/python3.13/site-packages/billiard/pool.py\", line 1046, in __init__","logger":"task.stderr"}
{"timestamp":"2026-05-29T06:08:09.728315Z","level":"error","event":"    self._create_worker_process(i)","logger":"task.stderr"}
{"timestamp":"2026-05-29T06:08:09.728732Z","level":"error","event":"  File \"/home/airflow/.local/lib/python3.13/site-packages/celery/concurrency/asynpool.py\", line 493, in _create_worker_process","logger":"task.stderr"}
{"timestamp":"2026-05-29T06:08:09.729081Z","level":"error","event":"    return super()._create_worker_process(i)","logger":"task.stderr"}
{"timestamp":"2026-05-29T06:08:09.729374Z","level":"error","event":"  File \"/home/airflow/.local/lib/python3.13/site-packages/billiard/pool.py\", line 1158, in _create_worker_process","logger":"task.stderr"}
{"timestamp":"2026-05-29T06:08:09.729572Z","level":"error","event":"    w.start()","logger":"task.stderr"}
{"timestamp":"2026-05-29T06:08:09.729865Z","level":"error","event":"  File \"/home/airflow/.local/lib/python3.13/site-packages/billiard/process.py\", line 120, in start","logger":"task.stderr"}
{"timestamp":"2026-05-29T06:08:09.730116Z","level":"error","event":"    self._popen = self._Popen(self)","logger":"task.stderr"}
{"timestamp":"2026-05-29T06:08:09.730318Z","level":"error","event":"  File \"/home/airflow/.local/lib/python3.13/site-packages/billiard/context.py\", line 331, in _Popen","logger":"task.stderr"}
{"timestamp":"2026-05-29T06:08:09.730509Z","level":"error","event":"    return Popen(process_obj)","logger":"task.stderr"}
{"timestamp":"2026-05-29T06:08:09.730696Z","level":"error","event":"  File \"/home/airflow/.local/lib/python3.13/site-packages/billiard/popen_fork.py\", line 22, in __init__","logger":"task.stderr"}
{"timestamp":"2026-05-29T06:08:09.731020Z","level":"error","event":"    self._launch(process_obj)","logger":"task.stderr"}
{"timestamp":"2026-05-29T06:08:09.731304Z","level":"error","event":"  File \"/home/airflow/.local/lib/python3.13/site-packages/billiard/popen_fork.py\", line 77, in _launch","logger":"task.stderr"}
{"timestamp":"2026-05-29T06:08:09.731589Z","level":"error","event":"    code = process_obj._bootstrap()","logger":"task.stderr"}
{"timestamp":"2026-05-29T06:08:09.731962Z","level":"error","event":"  File \"/home/airflow/.local/lib/python3.13/site-packages/billiard/process.py\", line 323, in _bootstrap","logger":"task.stderr"}
{"timestamp":"2026-05-29T06:08:09.732357Z","level":"error","event":"    self.run()","logger":"task.stderr"}
{"timestamp":"2026-05-29T06:08:09.733095Z","level":"error","event":"  File \"/home/airflow/.local/lib/python3.13/site-packages/billiard/process.py\", line 110, in run","logger":"task.stderr"}
{"timestamp":"2026-05-29T06:08:09.733537Z","level":"error","event":"    self._target(*self._args, **self._kwargs)","logger":"task.stderr"}
{"timestamp":"2026-05-29T06:08:09.733798Z","level":"error","event":"  File \"/home/airflow/.local/lib/python3.13/site-packages/billiard/pool.py\", line 292, in __call__","logger":"task.stderr"}
{"timestamp":"2026-05-29T06:08:09.734064Z","level":"error","event":"    sys.exit(self.workloop(pid=pid))","logger":"task.stderr"}
{"timestamp":"2026-05-29T06:08:09.734323Z","level":"error","event":"  File \"/home/airflow/.local/lib/python3.13/site-packages/billiard/pool.py\", line 362, in workloop","logger":"task.stderr"}
{"timestamp":"2026-05-29T06:08:09.734557Z","level":"error","event":"    result = (True, prepare_result(fun(*args, **kwargs)))","logger":"task.stderr"}
{"timestamp":"2026-05-29T06:08:09.734821Z","level":"error","event":"  File \"/home/airflow/.local/lib/python3.13/site-packages/celery/app/trace.py\", line 773, in fast_trace_task","logger":"task.stderr"}
{"timestamp":"2026-05-29T06:08:09.735054Z","level":"error","event":"    R, I, T, Rstr = tasks[task].__trace__(","logger":"task.stderr"}
{"timestamp":"2026-05-29T06:08:09.735256Z","level":"error","event":"  File \"/home/airflow/.local/lib/python3.13/site-packages/celery/app/trace.py\", line 585, in trace_task","logger":"task.stderr"}
{"timestamp":"2026-05-29T06:08:09.735456Z","level":"error","event":"    R = retval = fun(*args, **kwargs)","logger":"task.stderr"}
{"timestamp":"2026-05-29T06:08:09.735651Z","level":"error","event":"  File \"/home/airflow/.local/lib/python3.13/site-packages/celery/app/trace.py\", line 858, in __protected_call__","logger":"task.stderr"}
{"timestamp":"2026-05-29T06:08:09.735881Z","level":"error","event":"    return self.run(*args, **kwargs)","logger":"task.stderr"}
{"timestamp":"2026-05-29T06:08:09.736114Z","level":"error","event":"  File \"/home/airflow/.local/lib/python3.13/site-packages/airflow/providers/celery/executors/celery_executor_utils.py\", line 202, in execute_workload","logger":"task.stderr"}
{"timestamp":"2026-05-29T06:08:09.736348Z","level":"error","event":"    supervise(","logger":"task.stderr"}
{"timestamp":"2026-05-29T06:08:09.736547Z","level":"error","event":"  File \"/home/airflow/.local/lib/python3.13/site-packages/airflow/sdk/execution_time/supervisor.py\", line 2097, in supervise","logger":"task.stderr"}
{"timestamp":"2026-05-29T06:08:09.736746Z","level":"error","event":"    process = ActivitySubprocess.start(","logger":"task.stderr"}
{"timestamp":"2026-05-29T06:08:09.736935Z","level":"error","event":"  File \"/home/airflow/.local/lib/python3.13/site-packages/airflow/sdk/execution_time/supervisor.py\", line 1006, in start","logger":"task.stderr"}
{"timestamp":"2026-05-29T06:08:09.737177Z","level":"error","event":"    proc: Self = super().start(id=what.id, client=client, target=target, logger=logger, **kwargs)","logger":"task.stderr"}
{"timestamp":"2026-05-29T06:08:09.737437Z","level":"error","event":"  File \"/home/airflow/.local/lib/python3.13/site-packages/airflow/sdk/execution_time/supervisor.py\", line 516, in start","logger":"task.stderr"}
{"timestamp":"2026-05-29T06:08:09.737756Z","level":"error","event":"    _fork_main(child_requests, child_stdout, child_stderr, child_logs.fileno(), target)","logger":"task.stderr"}
{"timestamp":"2026-05-29T06:08:09.738260Z","level":"error","event":"  File \"/home/airflow/.local/lib/python3.13/site-packages/airflow/sdk/execution_time/supervisor.py\", line 415, in _fork_main","logger":"task.stderr"}
{"timestamp":"2026-05-29T06:08:09.738827Z","level":"error","event":"    target()","logger":"task.stderr"}
{"timestamp":"2026-05-29T06:08:09.739173Z","level":"error","event":"  File \"/home/airflow/.local/lib/python3.13/site-packages/airflow/sdk/execution_time/supervisor.py\", line 208, in _subprocess_main","logger":"task.stderr"}
{"timestamp":"2026-05-29T06:08:09.739451Z","level":"error","event":"    main()","logger":"task.stderr"}
{"timestamp":"2026-05-29T06:08:09.739691Z","level":"error","event":"  File \"/usr/python/lib/python3.13/contextlib.py\", line 85, in inner","logger":"task.stderr"}
{"timestamp":"2026-05-29T06:08:09.739892Z","level":"error","event":"    return func(*args, **kwds)","logger":"task.stderr"}
{"timestamp":"2026-05-29T06:08:09.740106Z","level":"error","event":"  File \"/home/airflow/.local/lib/python3.13/site-packages/airflow/sdk/execution_time/task_runner.py\", line 1874, in main","logger":"task.stderr"}
{"timestamp":"2026-05-29T06:08:09.740692Z","level":"error","event":"    state, _, error = run(ti, context, log)","logger":"task.stderr"}
{"timestamp":"2026-05-29T06:08:09.741242Z","level":"error","event":"  File \"/home/airflow/.local/lib/python3.13/site-packages/airflow/sdk/execution_time/task_runner.py\", line 1263, in run","logger":"task.stderr"}
{"timestamp":"2026-05-29T06:08:09.741640Z","level":"error","event":"    result = _execute_task(context=context, ti=ti, log=log)","logger":"task.stderr"}
{"timestamp":"2026-05-29T06:08:09.742475Z","level":"error","event":"  File \"/home/airflow/.local/lib/python3.13/site-packages/airflow/sdk/execution_time/task_runner.py\", line 1678, in _execute_task","logger":"task.stderr"}
{"timestamp":"2026-05-29T06:08:09.742876Z","level":"error","event":"    result = ctx.run(execute, context=context)","logger":"task.stderr"}
{"timestamp":"2026-05-29T06:08:09.743195Z","level":"error","event":"  File \"/home/airflow/.local/lib/python3.13/site-packages/airflow/sdk/bases/operator.py\", line 443, in wrapper","logger":"task.stderr"}
{"timestamp":"2026-05-29T06:08:09.743821Z","level":"error","event":"    return func(self, *args, **kwargs)","logger":"task.stderr"}
{"timestamp":"2026-05-29T06:08:09.744145Z","level":"error","event":"  File \"/home/airflow/.local/lib/python3.13/site-packages/airflow/sdk/bases/decorator.py\", line 397, in execute","logger":"task.stderr"}
{"timestamp":"2026-05-29T06:08:09.744452Z","level":"error","event":"    return_value = super().execute(context)","logger":"task.stderr"}
{"timestamp":"2026-05-29T06:08:09.744797Z","level":"error","event":"  File \"/home/airflow/.local/lib/python3.13/site-packages/airflow/sdk/bases/operator.py\", line 443, in wrapper","logger":"task.stderr"}
{"timestamp":"2026-05-29T06:08:09.745179Z","level":"error","event":"    return func(self, *args, **kwargs)","logger":"task.stderr"}
{"timestamp":"2026-05-29T06:08:09.745478Z","level":"error","event":"  File \"/home/airflow/.local/lib/python3.13/site-packages/airflow/providers/standard/operators/python.py\", line 227, in execute","logger":"task.stderr"}
{"timestamp":"2026-05-29T06:08:09.745712Z","level":"error","event":"    return_value = self.execute_callable()","logger":"task.stderr"}
{"timestamp":"2026-05-29T06:08:09.745986Z","level":"error","event":"  File \"/home/airflow/.local/lib/python3.13/site-packages/airflow/providers/standard/operators/python.py\", line 250, in execute_callable","logger":"task.stderr"}
{"timestamp":"2026-05-29T06:08:09.746232Z","level":"error","event":"    return runner.run(*self.op_args, **self.op_kwargs)","logger":"task.stderr"}
{"timestamp":"2026-05-29T06:08:09.746516Z","level":"error","event":"  File \"/home/airflow/.local/lib/python3.13/site-packages/airflow/sdk/execution_time/callback_runner.py\", line 97, in run","logger":"task.stderr"}
{"timestamp":"2026-05-29T06:08:09.746990Z","level":"error","event":"    return func(*args, **kwargs)","logger":"task.stderr"}
{"timestamp":"2026-05-29T06:08:09.747458Z","level":"error","event":"  File \"/opt/airflow/dags/exercise_1/etl_engineer_challenge.py\", line 100, in process_data","logger":"task.stderr"}
{"timestamp":"2026-05-29T06:08:09.747848Z","level":"error","event":"    logger.info(\"columnas\", raw.columns.tolist())","logger":"task.stderr"}
{"timestamp":"2026-05-29T06:08:09.748194Z","level":"error","event":"Message: 'columnas'","logger":"task.stderr"}
{"timestamp":"2026-05-29T06:08:09.748510Z","level":"error","event":"Arguments: (['id', 'name', 'company_id', 'amount', 'status', 'created_at', 'paid_at'],)","logger":"task.stderr"}
{"timestamp":"2026-05-29T06:08:54.902867Z","level":"error","event":"Server indicated the task shouldn't be running anymore. Terminating process","detail":{"reason":"not_running","message":"TI is no longer in the running state and task should terminate","current_state":"failed"},"logger":"task"}
{"timestamp":"2026-05-29T06:09:04.913397Z","level":"error","event":"Task killed!","logger":"task"}
