{"timestamp":"2026-05-29T07:02:07.405889Z","level":"info","event":"DAG bundles loaded: dags-folder","logger":"airflow.dag_processing.bundles.manager.DagBundlesManager","filename":"manager.py","lineno":209}
{"timestamp":"2026-05-29T07:02:07.408188Z","level":"info","event":"Filling up the DagBag from /opt/airflow/dags/exercise_1/etl_engineer_challenge.py","logger":"airflow.dag_processing.dagbag.BundleDagBag","filename":"dagbag.py","lineno":469}
{"timestamp":"2026-05-29T07:02:07.436942Z","level":"warning","event":"The `airflow.decorators.dag` attribute is deprecated. Please use `'airflow.sdk.dag'`.","category":"UserWarning","filename":"/opt/airflow/dags/exercise_1/etl_engineer_challenge.py","lineno":8,"logger":"py.warnings"}
{"timestamp":"2026-05-29T07:02:07.437173Z","level":"warning","event":"The `airflow.decorators.task` attribute is deprecated. Please use `'airflow.sdk.task'`.","category":"UserWarning","filename":"/opt/airflow/dags/exercise_1/etl_engineer_challenge.py","lineno":8,"logger":"py.warnings"}
{"timestamp":"2026-05-29T07:02:07.796205Z","level":"warning","event":"The `airflow.hooks.base.BaseHook` attribute is deprecated. Please use `'airflow.sdk.bases.hook.BaseHook'`.","category":"DeprecatedImportWarning","filename":"/opt/airflow/dags/exercise_1/etl_engineer_challenge.py","lineno":43,"logger":"py.warnings"}
{"timestamp":"2026-05-29T07:02:07.796498Z","level":"info","event":"process_data: start","logger":"unusual_prefix_80a755f5b4d75239b321c4f1da22474359a992cb_etl_engineer_challenge","filename":"etl_engineer_challenge.py","lineno":48}
{"timestamp":"2026-05-29T07:02:07.796616Z","level":"info","event":"process_data: retrieving MinIO connection","logger":"unusual_prefix_80a755f5b4d75239b321c4f1da22474359a992cb_etl_engineer_challenge","filename":"etl_engineer_challenge.py","lineno":55}
{"timestamp":"2026-05-29T07:02:07.806174Z","level":"info","event":"process_data: MinIO connection retrieved","logger":"unusual_prefix_80a755f5b4d75239b321c4f1da22474359a992cb_etl_engineer_challenge","filename":"etl_engineer_challenge.py","lineno":63}
{"timestamp":"2026-05-29T07:02:07.806602Z","level":"info","event":"process_data: creating S3 client","logger":"unusual_prefix_80a755f5b4d75239b321c4f1da22474359a992cb_etl_engineer_challenge","filename":"etl_engineer_challenge.py","lineno":72}
{"timestamp":"2026-05-29T07:02:07.874441Z","level":"info","event":"process_data: reading CSV from MinIO bucket=bck-landing key=data/data_prueba_tecnica.csv","logger":"unusual_prefix_80a755f5b4d75239b321c4f1da22474359a992cb_etl_engineer_challenge","filename":"etl_engineer_challenge.py","lineno":81}
{"timestamp":"2026-05-29T07:02:07.922941Z","level":"info","event":"process_data: CSV bytes read successfully","logger":"unusual_prefix_80a755f5b4d75239b321c4f1da22474359a992cb_etl_engineer_challenge","filename":"etl_engineer_challenge.py","lineno":83}
{"timestamp":"2026-05-29T07:02:07.923095Z","level":"info","event":"process_data: loading CSV into DataFrame","logger":"unusual_prefix_80a755f5b4d75239b321c4f1da22474359a992cb_etl_engineer_challenge","filename":"etl_engineer_challenge.py","lineno":85}
{"timestamp":"2026-05-29T07:02:07.938357Z","level":"info","event":"process_data: DataFrame loaded rows=10000 cols=7","logger":"unusual_prefix_80a755f5b4d75239b321c4f1da22474359a992cb_etl_engineer_challenge","filename":"etl_engineer_challenge.py","lineno":92}
{"timestamp":"2026-05-29T07:02:07.938524Z","level":"info","event":"process_data: starting cleaning","logger":"unusual_prefix_80a755f5b4d75239b321c4f1da22474359a992cb_etl_engineer_challenge","filename":"etl_engineer_challenge.py","lineno":98}
{"timestamp":"2026-05-29T07:02:07.938587Z","level":"info","event":"process_data: starting cleaning 2","logger":"unusual_prefix_80a755f5b4d75239b321c4f1da22474359a992cb_etl_engineer_challenge","filename":"etl_engineer_challenge.py","lineno":111}
{"timestamp":"2026-05-29T07:02:07.941489Z","level":"info","event":"process_data: starting cleaning 3","logger":"unusual_prefix_80a755f5b4d75239b321c4f1da22474359a992cb_etl_engineer_challenge","filename":"etl_engineer_challenge.py","lineno":115}
{"timestamp":"2026-05-29T07:02:07.948468Z","level":"info","event":"process_data: starting cleaning","logger":"unusual_prefix_80a755f5b4d75239b321c4f1da22474359a992cb_etl_engineer_challenge","filename":"etl_engineer_challenge.py","lineno":126}
{"timestamp":"2026-05-29T07:02:07.950516Z","level":"info","event":"0.1","logger":"unusual_prefix_80a755f5b4d75239b321c4f1da22474359a992cb_etl_engineer_challenge","filename":"etl_engineer_challenge.py","lineno":131}
{"timestamp":"2026-05-29T07:02:07.951437Z","level":"info","event":"Cleaning chunk rows=1000 cols=7","logger":"unusual_prefix_80a755f5b4d75239b321c4f1da22474359a992cb_etl_engineer_challenge","filename":"etl_engineer_challenge.py","lineno":137}
{"timestamp":"2026-05-29T07:02:07.955607Z","level":"info","event":"10","logger":"unusual_prefix_80a755f5b4d75239b321c4f1da22474359a992cb_etl_engineer_challenge","filename":"etl_engineer_challenge.py","lineno":144}
{"timestamp":"2026-05-29T07:02:07.956545Z","level":"info","event":"20","logger":"unusual_prefix_80a755f5b4d75239b321c4f1da22474359a992cb_etl_engineer_challenge","filename":"etl_engineer_challenge.py","lineno":148}
{"timestamp":"2026-05-29T07:02:07.960576Z","level":"info","event":"Cleaning chunk rows=1000 cols=7","logger":"unusual_prefix_80a755f5b4d75239b321c4f1da22474359a992cb_etl_engineer_challenge","filename":"etl_engineer_challenge.py","lineno":137}
{"timestamp":"2026-05-29T07:02:07.963400Z","level":"info","event":"10","logger":"unusual_prefix_80a755f5b4d75239b321c4f1da22474359a992cb_etl_engineer_challenge","filename":"etl_engineer_challenge.py","lineno":144}
{"timestamp":"2026-05-29T07:02:07.964626Z","level":"info","event":"20","logger":"unusual_prefix_80a755f5b4d75239b321c4f1da22474359a992cb_etl_engineer_challenge","filename":"etl_engineer_challenge.py","lineno":148}
{"timestamp":"2026-05-29T07:02:07.967899Z","level":"info","event":"Cleaning chunk rows=1000 cols=7","logger":"unusual_prefix_80a755f5b4d75239b321c4f1da22474359a992cb_etl_engineer_challenge","filename":"etl_engineer_challenge.py","lineno":137}
{"timestamp":"2026-05-29T07:02:07.970557Z","level":"info","event":"10","logger":"unusual_prefix_80a755f5b4d75239b321c4f1da22474359a992cb_etl_engineer_challenge","filename":"etl_engineer_challenge.py","lineno":144}
{"timestamp":"2026-05-29T07:02:07.971508Z","level":"info","event":"20","logger":"unusual_prefix_80a755f5b4d75239b321c4f1da22474359a992cb_etl_engineer_challenge","filename":"etl_engineer_challenge.py","lineno":148}
{"timestamp":"2026-05-29T07:02:07.974423Z","level":"info","event":"Cleaning chunk rows=1000 cols=7","logger":"unusual_prefix_80a755f5b4d75239b321c4f1da22474359a992cb_etl_engineer_challenge","filename":"etl_engineer_challenge.py","lineno":137}
{"timestamp":"2026-05-29T07:02:07.976978Z","level":"info","event":"10","logger":"unusual_prefix_80a755f5b4d75239b321c4f1da22474359a992cb_etl_engineer_challenge","filename":"etl_engineer_challenge.py","lineno":144}
{"timestamp":"2026-05-29T07:02:07.977809Z","level":"info","event":"20","logger":"unusual_prefix_80a755f5b4d75239b321c4f1da22474359a992cb_etl_engineer_challenge","filename":"etl_engineer_challenge.py","lineno":148}
{"timestamp":"2026-05-29T07:02:07.981327Z","level":"info","event":"Cleaning chunk rows=1000 cols=7","logger":"unusual_prefix_80a755f5b4d75239b321c4f1da22474359a992cb_etl_engineer_challenge","filename":"etl_engineer_challenge.py","lineno":137}
{"timestamp":"2026-05-29T07:02:07.984386Z","level":"info","event":"10","logger":"unusual_prefix_80a755f5b4d75239b321c4f1da22474359a992cb_etl_engineer_challenge","filename":"etl_engineer_challenge.py","lineno":144}
{"timestamp":"2026-05-29T07:02:07.985154Z","level":"info","event":"20","logger":"unusual_prefix_80a755f5b4d75239b321c4f1da22474359a992cb_etl_engineer_challenge","filename":"etl_engineer_challenge.py","lineno":148}
{"timestamp":"2026-05-29T07:02:07.988142Z","level":"info","event":"Cleaning chunk rows=1000 cols=7","logger":"unusual_prefix_80a755f5b4d75239b321c4f1da22474359a992cb_etl_engineer_challenge","filename":"etl_engineer_challenge.py","lineno":137}
{"timestamp":"2026-05-29T07:02:07.991786Z","level":"info","event":"10","logger":"unusual_prefix_80a755f5b4d75239b321c4f1da22474359a992cb_etl_engineer_challenge","filename":"etl_engineer_challenge.py","lineno":144}
{"timestamp":"2026-05-29T07:02:07.992670Z","level":"info","event":"20","logger":"unusual_prefix_80a755f5b4d75239b321c4f1da22474359a992cb_etl_engineer_challenge","filename":"etl_engineer_challenge.py","lineno":148}
{"timestamp":"2026-05-29T07:02:07.995807Z","level":"info","event":"Cleaning chunk rows=1000 cols=7","logger":"unusual_prefix_80a755f5b4d75239b321c4f1da22474359a992cb_etl_engineer_challenge","filename":"etl_engineer_challenge.py","lineno":137}
{"timestamp":"2026-05-29T07:02:07.998499Z","level":"info","event":"10","logger":"unusual_prefix_80a755f5b4d75239b321c4f1da22474359a992cb_etl_engineer_challenge","filename":"etl_engineer_challenge.py","lineno":144}
{"timestamp":"2026-05-29T07:02:07.999284Z","level":"info","event":"20","logger":"unusual_prefix_80a755f5b4d75239b321c4f1da22474359a992cb_etl_engineer_challenge","filename":"etl_engineer_challenge.py","lineno":148}
{"timestamp":"2026-05-29T07:02:08.002179Z","level":"info","event":"Cleaning chunk rows=1000 cols=7","logger":"unusual_prefix_80a755f5b4d75239b321c4f1da22474359a992cb_etl_engineer_challenge","filename":"etl_engineer_challenge.py","lineno":137}
{"timestamp":"2026-05-29T07:02:08.005658Z","level":"info","event":"10","logger":"unusual_prefix_80a755f5b4d75239b321c4f1da22474359a992cb_etl_engineer_challenge","filename":"etl_engineer_challenge.py","lineno":144}
{"timestamp":"2026-05-29T07:02:08.006589Z","level":"info","event":"20","logger":"unusual_prefix_80a755f5b4d75239b321c4f1da22474359a992cb_etl_engineer_challenge","filename":"etl_engineer_challenge.py","lineno":148}
{"timestamp":"2026-05-29T07:02:08.009537Z","level":"info","event":"Cleaning chunk rows=1000 cols=7","logger":"unusual_prefix_80a755f5b4d75239b321c4f1da22474359a992cb_etl_engineer_challenge","filename":"etl_engineer_challenge.py","lineno":137}
{"timestamp":"2026-05-29T07:02:08.012507Z","level":"info","event":"10","logger":"unusual_prefix_80a755f5b4d75239b321c4f1da22474359a992cb_etl_engineer_challenge","filename":"etl_engineer_challenge.py","lineno":144}
{"timestamp":"2026-05-29T07:02:08.013278Z","level":"info","event":"20","logger":"unusual_prefix_80a755f5b4d75239b321c4f1da22474359a992cb_etl_engineer_challenge","filename":"etl_engineer_challenge.py","lineno":148}
{"timestamp":"2026-05-29T07:02:08.016185Z","level":"info","event":"Cleaning chunk rows=1000 cols=7","logger":"unusual_prefix_80a755f5b4d75239b321c4f1da22474359a992cb_etl_engineer_challenge","filename":"etl_engineer_challenge.py","lineno":137}
{"timestamp":"2026-05-29T07:02:08.019277Z","level":"info","event":"10","logger":"unusual_prefix_80a755f5b4d75239b321c4f1da22474359a992cb_etl_engineer_challenge","filename":"etl_engineer_challenge.py","lineno":144}
{"timestamp":"2026-05-29T07:02:08.020196Z","level":"info","event":"20","logger":"unusual_prefix_80a755f5b4d75239b321c4f1da22474359a992cb_etl_engineer_challenge","filename":"etl_engineer_challenge.py","lineno":148}
{"timestamp":"2026-05-29T07:02:08.025082Z","level":"info","event":"2","logger":"unusual_prefix_80a755f5b4d75239b321c4f1da22474359a992cb_etl_engineer_challenge","filename":"etl_engineer_challenge.py","lineno":179}
{"timestamp":"2026-05-29T07:02:08.025380Z","level":"info","event":"process_data: starting aggregation","logger":"unusual_prefix_80a755f5b4d75239b321c4f1da22474359a992cb_etl_engineer_challenge","filename":"etl_engineer_challenge.py","lineno":186}
{"timestamp":"2026-05-29T07:02:08.054844Z","level":"info","event":"process_data: aggregation finished rows=167 cols=11","logger":"unusual_prefix_80a755f5b4d75239b321c4f1da22474359a992cb_etl_engineer_challenge","filename":"etl_engineer_challenge.py","lineno":202}
{"timestamp":"2026-05-29T07:02:08.055012Z","level":"info","event":"process_data: writing parquet to MinIO bucket=bck-bronze key=master/data_prueba_tecnica.parquet","logger":"unusual_prefix_80a755f5b4d75239b321c4f1da22474359a992cb_etl_engineer_challenge","filename":"etl_engineer_challenge.py","lineno":212}
{"timestamp":"2026-05-29T07:02:08.221382Z","level":"info","event":"process_data: parquet written successfully","logger":"unusual_prefix_80a755f5b4d75239b321c4f1da22474359a992cb_etl_engineer_challenge","filename":"etl_engineer_challenge.py","lineno":217}
{"timestamp":"2026-05-29T07:02:08.221542Z","level":"info","event":"process_data: end","logger":"unusual_prefix_80a755f5b4d75239b321c4f1da22474359a992cb_etl_engineer_challenge","filename":"etl_engineer_challenge.py","lineno":222}
{"timestamp":"2026-05-29T07:02:08.223177Z","level":"info","event":"Done. Returned value was: {'source_bucket': 'bck-landing', 'source_key': 'data/data_prueba_tecnica.csv', 'target_bucket': 'bck-bronze', 'target_key': 'master/data_prueba_tecnica.parquet', 'rows_written': 167}","logger":"airflow.task.operators.airflow.providers.standard.decorators.python._PythonDecoratedOperator","filename":"python.py","lineno":229}
{"timestamp":"2026-05-29T07:02:08.223497Z","level":"info","event":"Pushing xcom","ti":"RuntimeTaskInstance(id=UUID('019e728a-4acf-7105-a743-70a3a5855a89'), task_id='process_data', dag_id='etl_engineer_challenge', run_id='manual__2026-05-29T07:02:06.277971+00:00', try_number=1, dag_version_id=UUID('019e7158-2d31-780b-9486-1025b2a920c8'), map_index=-1, hostname='6a5a8f7a7d28', context_carrier={'traceparent': '00-ac0c1789a47e5b8223e8aca52c43caa9-053c300b75e68d27-01'}, task=<Task(_PythonDecoratedOperator): process_data>, bundle_instance=LocalDagBundle(name=dags-folder), max_tries=1, start_date=datetime.datetime(2026, 5, 29, 7, 2, 7, 373543, tzinfo=datetime.timezone.utc), end_date=None, state=<TaskInstanceState.RUNNING: 'running'>, is_mapped=False, rendered_map_index=None, sentry_integration='')","logger":"task","filename":"task_runner.py","lineno":1724}
