{"timestamp":"2026-05-29T06:57:36.886571Z","level":"info","event":"DAG bundles loaded: dags-folder","logger":"airflow.dag_processing.bundles.manager.DagBundlesManager","filename":"manager.py","lineno":209}
{"timestamp":"2026-05-29T06:57:36.894813Z","level":"info","event":"Filling up the DagBag from /opt/airflow/dags/exercise_1/etl_engineer_challenge.py","logger":"airflow.dag_processing.dagbag.BundleDagBag","filename":"dagbag.py","lineno":469}
{"timestamp":"2026-05-29T06:57:37.023812Z","level":"warning","event":"The `airflow.decorators.dag` attribute is deprecated. Please use `'airflow.sdk.dag'`.","category":"UserWarning","filename":"/opt/airflow/dags/exercise_1/etl_engineer_challenge.py","lineno":8,"logger":"py.warnings"}
{"timestamp":"2026-05-29T06:57:37.023976Z","level":"warning","event":"The `airflow.decorators.task` attribute is deprecated. Please use `'airflow.sdk.task'`.","category":"UserWarning","filename":"/opt/airflow/dags/exercise_1/etl_engineer_challenge.py","lineno":8,"logger":"py.warnings"}
{"timestamp":"2026-05-29T06:57:37.999300Z","level":"warning","event":"The `airflow.hooks.base.BaseHook` attribute is deprecated. Please use `'airflow.sdk.bases.hook.BaseHook'`.","category":"DeprecatedImportWarning","filename":"/opt/airflow/dags/exercise_1/etl_engineer_challenge.py","lineno":43,"logger":"py.warnings"}
{"timestamp":"2026-05-29T06:57:38.000330Z","level":"info","event":"process_data: start","logger":"unusual_prefix_80a755f5b4d75239b321c4f1da22474359a992cb_etl_engineer_challenge","filename":"etl_engineer_challenge.py","lineno":48}
{"timestamp":"2026-05-29T06:57:38.000575Z","level":"info","event":"process_data: retrieving MinIO connection","logger":"unusual_prefix_80a755f5b4d75239b321c4f1da22474359a992cb_etl_engineer_challenge","filename":"etl_engineer_challenge.py","lineno":55}
{"timestamp":"2026-05-29T06:57:38.016977Z","level":"info","event":"process_data: MinIO connection retrieved","logger":"unusual_prefix_80a755f5b4d75239b321c4f1da22474359a992cb_etl_engineer_challenge","filename":"etl_engineer_challenge.py","lineno":63}
{"timestamp":"2026-05-29T06:57:38.017130Z","level":"info","event":"process_data: creating S3 client","logger":"unusual_prefix_80a755f5b4d75239b321c4f1da22474359a992cb_etl_engineer_challenge","filename":"etl_engineer_challenge.py","lineno":72}
{"timestamp":"2026-05-29T06:57:38.110774Z","level":"info","event":"process_data: reading CSV from MinIO bucket=bck-landing key=data/data_prueba_tecnica.csv","logger":"unusual_prefix_80a755f5b4d75239b321c4f1da22474359a992cb_etl_engineer_challenge","filename":"etl_engineer_challenge.py","lineno":81}
{"timestamp":"2026-05-29T06:57:38.155304Z","level":"info","event":"process_data: CSV bytes read successfully","logger":"unusual_prefix_80a755f5b4d75239b321c4f1da22474359a992cb_etl_engineer_challenge","filename":"etl_engineer_challenge.py","lineno":83}
{"timestamp":"2026-05-29T06:57:38.155470Z","level":"info","event":"process_data: loading CSV into DataFrame","logger":"unusual_prefix_80a755f5b4d75239b321c4f1da22474359a992cb_etl_engineer_challenge","filename":"etl_engineer_challenge.py","lineno":85}
{"timestamp":"2026-05-29T06:57:38.175649Z","level":"info","event":"process_data: DataFrame loaded rows=10000 cols=7","logger":"unusual_prefix_80a755f5b4d75239b321c4f1da22474359a992cb_etl_engineer_challenge","filename":"etl_engineer_challenge.py","lineno":92}
{"timestamp":"2026-05-29T06:57:38.175854Z","level":"info","event":"process_data: starting cleaning","logger":"unusual_prefix_80a755f5b4d75239b321c4f1da22474359a992cb_etl_engineer_challenge","filename":"etl_engineer_challenge.py","lineno":98}
{"timestamp":"2026-05-29T06:57:38.175923Z","level":"info","event":"process_data: starting cleaning 2","logger":"unusual_prefix_80a755f5b4d75239b321c4f1da22474359a992cb_etl_engineer_challenge","filename":"etl_engineer_challenge.py","lineno":111}
{"timestamp":"2026-05-29T06:57:38.180554Z","level":"info","event":"process_data: starting cleaning 3","logger":"unusual_prefix_80a755f5b4d75239b321c4f1da22474359a992cb_etl_engineer_challenge","filename":"etl_engineer_challenge.py","lineno":115}
{"timestamp":"2026-05-29T06:57:38.189586Z","level":"info","event":"process_data: starting cleaning","logger":"unusual_prefix_80a755f5b4d75239b321c4f1da22474359a992cb_etl_engineer_challenge","filename":"etl_engineer_challenge.py","lineno":126}
{"timestamp":"2026-05-29T06:57:38.195126Z","level":"info","event":"0.1","logger":"unusual_prefix_80a755f5b4d75239b321c4f1da22474359a992cb_etl_engineer_challenge","filename":"etl_engineer_challenge.py","lineno":131}
{"timestamp":"2026-05-29T06:57:38.196299Z","level":"info","event":"Cleaning chunk rows=1000 cols=7","logger":"unusual_prefix_80a755f5b4d75239b321c4f1da22474359a992cb_etl_engineer_challenge","filename":"etl_engineer_challenge.py","lineno":137}
{"timestamp":"2026-05-29T06:57:38.201887Z","level":"info","event":"10","logger":"unusual_prefix_80a755f5b4d75239b321c4f1da22474359a992cb_etl_engineer_challenge","filename":"etl_engineer_challenge.py","lineno":144}
{"timestamp":"2026-05-29T06:57:38.203148Z","level":"info","event":"20","logger":"unusual_prefix_80a755f5b4d75239b321c4f1da22474359a992cb_etl_engineer_challenge","filename":"etl_engineer_challenge.py","lineno":148}
{"timestamp":"2026-05-29T06:57:38.209679Z","level":"info","event":"Cleaning chunk rows=1000 cols=7","logger":"unusual_prefix_80a755f5b4d75239b321c4f1da22474359a992cb_etl_engineer_challenge","filename":"etl_engineer_challenge.py","lineno":137}
{"timestamp":"2026-05-29T06:57:38.213113Z","level":"info","event":"10","logger":"unusual_prefix_80a755f5b4d75239b321c4f1da22474359a992cb_etl_engineer_challenge","filename":"etl_engineer_challenge.py","lineno":144}
{"timestamp":"2026-05-29T06:57:38.213985Z","level":"info","event":"20","logger":"unusual_prefix_80a755f5b4d75239b321c4f1da22474359a992cb_etl_engineer_challenge","filename":"etl_engineer_challenge.py","lineno":148}
{"timestamp":"2026-05-29T06:57:38.217492Z","level":"info","event":"Cleaning chunk rows=1000 cols=7","logger":"unusual_prefix_80a755f5b4d75239b321c4f1da22474359a992cb_etl_engineer_challenge","filename":"etl_engineer_challenge.py","lineno":137}
{"timestamp":"2026-05-29T06:57:38.220768Z","level":"info","event":"10","logger":"unusual_prefix_80a755f5b4d75239b321c4f1da22474359a992cb_etl_engineer_challenge","filename":"etl_engineer_challenge.py","lineno":144}
{"timestamp":"2026-05-29T06:57:38.221812Z","level":"info","event":"20","logger":"unusual_prefix_80a755f5b4d75239b321c4f1da22474359a992cb_etl_engineer_challenge","filename":"etl_engineer_challenge.py","lineno":148}
{"timestamp":"2026-05-29T06:57:38.225422Z","level":"info","event":"Cleaning chunk rows=1000 cols=7","logger":"unusual_prefix_80a755f5b4d75239b321c4f1da22474359a992cb_etl_engineer_challenge","filename":"etl_engineer_challenge.py","lineno":137}
{"timestamp":"2026-05-29T06:57:38.228520Z","level":"info","event":"10","logger":"unusual_prefix_80a755f5b4d75239b321c4f1da22474359a992cb_etl_engineer_challenge","filename":"etl_engineer_challenge.py","lineno":144}
{"timestamp":"2026-05-29T06:57:38.229466Z","level":"info","event":"20","logger":"unusual_prefix_80a755f5b4d75239b321c4f1da22474359a992cb_etl_engineer_challenge","filename":"etl_engineer_challenge.py","lineno":148}
{"timestamp":"2026-05-29T06:57:38.232735Z","level":"info","event":"Cleaning chunk rows=1000 cols=7","logger":"unusual_prefix_80a755f5b4d75239b321c4f1da22474359a992cb_etl_engineer_challenge","filename":"etl_engineer_challenge.py","lineno":137}
{"timestamp":"2026-05-29T06:57:38.236223Z","level":"info","event":"10","logger":"unusual_prefix_80a755f5b4d75239b321c4f1da22474359a992cb_etl_engineer_challenge","filename":"etl_engineer_challenge.py","lineno":144}
{"timestamp":"2026-05-29T06:57:38.237333Z","level":"info","event":"20","logger":"unusual_prefix_80a755f5b4d75239b321c4f1da22474359a992cb_etl_engineer_challenge","filename":"etl_engineer_challenge.py","lineno":148}
{"timestamp":"2026-05-29T06:57:38.241037Z","level":"info","event":"Cleaning chunk rows=1000 cols=7","logger":"unusual_prefix_80a755f5b4d75239b321c4f1da22474359a992cb_etl_engineer_challenge","filename":"etl_engineer_challenge.py","lineno":137}
{"timestamp":"2026-05-29T06:57:38.244460Z","level":"info","event":"10","logger":"unusual_prefix_80a755f5b4d75239b321c4f1da22474359a992cb_etl_engineer_challenge","filename":"etl_engineer_challenge.py","lineno":144}
{"timestamp":"2026-05-29T06:57:38.245509Z","level":"info","event":"20","logger":"unusual_prefix_80a755f5b4d75239b321c4f1da22474359a992cb_etl_engineer_challenge","filename":"etl_engineer_challenge.py","lineno":148}
{"timestamp":"2026-05-29T06:57:38.249424Z","level":"info","event":"Cleaning chunk rows=1000 cols=7","logger":"unusual_prefix_80a755f5b4d75239b321c4f1da22474359a992cb_etl_engineer_challenge","filename":"etl_engineer_challenge.py","lineno":137}
{"timestamp":"2026-05-29T06:57:38.253009Z","level":"info","event":"10","logger":"unusual_prefix_80a755f5b4d75239b321c4f1da22474359a992cb_etl_engineer_challenge","filename":"etl_engineer_challenge.py","lineno":144}
{"timestamp":"2026-05-29T06:57:38.253906Z","level":"info","event":"20","logger":"unusual_prefix_80a755f5b4d75239b321c4f1da22474359a992cb_etl_engineer_challenge","filename":"etl_engineer_challenge.py","lineno":148}
{"timestamp":"2026-05-29T06:57:38.257189Z","level":"info","event":"Cleaning chunk rows=1000 cols=7","logger":"unusual_prefix_80a755f5b4d75239b321c4f1da22474359a992cb_etl_engineer_challenge","filename":"etl_engineer_challenge.py","lineno":137}
{"timestamp":"2026-05-29T06:57:38.260349Z","level":"info","event":"10","logger":"unusual_prefix_80a755f5b4d75239b321c4f1da22474359a992cb_etl_engineer_challenge","filename":"etl_engineer_challenge.py","lineno":144}
{"timestamp":"2026-05-29T06:57:38.261242Z","level":"info","event":"20","logger":"unusual_prefix_80a755f5b4d75239b321c4f1da22474359a992cb_etl_engineer_challenge","filename":"etl_engineer_challenge.py","lineno":148}
{"timestamp":"2026-05-29T06:57:38.264574Z","level":"info","event":"Cleaning chunk rows=1000 cols=7","logger":"unusual_prefix_80a755f5b4d75239b321c4f1da22474359a992cb_etl_engineer_challenge","filename":"etl_engineer_challenge.py","lineno":137}
{"timestamp":"2026-05-29T06:57:38.268428Z","level":"info","event":"10","logger":"unusual_prefix_80a755f5b4d75239b321c4f1da22474359a992cb_etl_engineer_challenge","filename":"etl_engineer_challenge.py","lineno":144}
{"timestamp":"2026-05-29T06:57:38.269455Z","level":"info","event":"20","logger":"unusual_prefix_80a755f5b4d75239b321c4f1da22474359a992cb_etl_engineer_challenge","filename":"etl_engineer_challenge.py","lineno":148}
{"timestamp":"2026-05-29T06:57:38.273132Z","level":"info","event":"Cleaning chunk rows=1000 cols=7","logger":"unusual_prefix_80a755f5b4d75239b321c4f1da22474359a992cb_etl_engineer_challenge","filename":"etl_engineer_challenge.py","lineno":137}
{"timestamp":"2026-05-29T06:57:38.276678Z","level":"info","event":"10","logger":"unusual_prefix_80a755f5b4d75239b321c4f1da22474359a992cb_etl_engineer_challenge","filename":"etl_engineer_challenge.py","lineno":144}
{"timestamp":"2026-05-29T06:57:38.277574Z","level":"info","event":"20","logger":"unusual_prefix_80a755f5b4d75239b321c4f1da22474359a992cb_etl_engineer_challenge","filename":"etl_engineer_challenge.py","lineno":148}
{"timestamp":"2026-05-29T06:57:38.283321Z","level":"info","event":"2","logger":"unusual_prefix_80a755f5b4d75239b321c4f1da22474359a992cb_etl_engineer_challenge","filename":"etl_engineer_challenge.py","lineno":179}
{"timestamp":"2026-05-29T06:57:38.283528Z","level":"info","event":"process_data: starting aggregation","logger":"unusual_prefix_80a755f5b4d75239b321c4f1da22474359a992cb_etl_engineer_challenge","filename":"etl_engineer_challenge.py","lineno":186}
{"timestamp":"2026-05-29T06:57:38.292370Z","level":"error","event":"Error during data aggregation","logger":"unusual_prefix_80a755f5b4d75239b321c4f1da22474359a992cb_etl_engineer_challenge","filename":"etl_engineer_challenge.py","lineno":208,"error_detail":[{"exc_type":"KeyError","exc_value":"\"Column(s) ['pendig_payment'] do not exist\"","exc_notes":[],"syntax_error":null,"is_cause":false,"frames":[{"filename":"/opt/airflow/dags/exercise_1/etl_engineer_challenge.py","lineno":189,"name":"process_data"},{"filename":"/home/airflow/.local/lib/python3.13/site-packages/pandas/core/groupby/generic.py","lineno":1432,"name":"aggregate"},{"filename":"/home/airflow/.local/lib/python3.13/site-packages/pandas/core/apply.py","lineno":190,"name":"agg"},{"filename":"/home/airflow/.local/lib/python3.13/site-packages/pandas/core/apply.py","lineno":423,"name":"agg_dict_like"},{"filename":"/home/airflow/.local/lib/python3.13/site-packages/pandas/core/apply.py","lineno":1603,"name":"agg_or_apply_dict_like"},{"filename":"/home/airflow/.local/lib/python3.13/site-packages/pandas/core/apply.py","lineno":462,"name":"compute_dict_like"},{"filename":"/home/airflow/.local/lib/python3.13/site-packages/pandas/core/apply.py","lineno":663,"name":"normalize_dictlike_arg"}],"is_group":false,"exceptions":[]}]}
{"timestamp":"2026-05-29T06:57:38.295923Z","level":"error","event":"Task failed with exception","logger":"task","filename":"task_runner.py","lineno":1347,"error_detail":[{"exc_type":"KeyError","exc_value":"\"Column(s) ['pendig_payment'] do not exist\"","exc_notes":[],"syntax_error":null,"is_cause":false,"frames":[{"filename":"/home/airflow/.local/lib/python3.13/site-packages/airflow/sdk/execution_time/task_runner.py","lineno":1263,"name":"run"},{"filename":"/home/airflow/.local/lib/python3.13/site-packages/airflow/sdk/execution_time/task_runner.py","lineno":1678,"name":"_execute_task"},{"filename":"/home/airflow/.local/lib/python3.13/site-packages/airflow/sdk/bases/operator.py","lineno":443,"name":"wrapper"},{"filename":"/home/airflow/.local/lib/python3.13/site-packages/airflow/sdk/bases/decorator.py","lineno":397,"name":"execute"},{"filename":"/home/airflow/.local/lib/python3.13/site-packages/airflow/sdk/bases/operator.py","lineno":443,"name":"wrapper"},{"filename":"/home/airflow/.local/lib/python3.13/site-packages/airflow/providers/standard/operators/python.py","lineno":227,"name":"execute"},{"filename":"/home/airflow/.local/lib/python3.13/site-packages/airflow/providers/standard/operators/python.py","lineno":250,"name":"execute_callable"},{"filename":"/home/airflow/.local/lib/python3.13/site-packages/airflow/sdk/execution_time/callback_runner.py","lineno":97,"name":"run"},{"filename":"/opt/airflow/dags/exercise_1/etl_engineer_challenge.py","lineno":189,"name":"process_data"},{"filename":"/home/airflow/.local/lib/python3.13/site-packages/pandas/core/groupby/generic.py","lineno":1432,"name":"aggregate"},{"filename":"/home/airflow/.local/lib/python3.13/site-packages/pandas/core/apply.py","lineno":190,"name":"agg"},{"filename":"/home/airflow/.local/lib/python3.13/site-packages/pandas/core/apply.py","lineno":423,"name":"agg_dict_like"},{"filename":"/home/airflow/.local/lib/python3.13/site-packages/pandas/core/apply.py","lineno":1603,"name":"agg_or_apply_dict_like"},{"filename":"/home/airflow/.local/lib/python3.13/site-packages/pandas/core/apply.py","lineno":462,"name":"compute_dict_like"},{"filename":"/home/airflow/.local/lib/python3.13/site-packages/pandas/core/apply.py","lineno":663,"name":"normalize_dictlike_arg"}],"is_group":false,"exceptions":[]}]}
