{"timestamp":"2026-05-29T06:59:48.532749Z","level":"info","event":"DAG bundles loaded: dags-folder","logger":"airflow.dag_processing.bundles.manager.DagBundlesManager","filename":"manager.py","lineno":209}
{"timestamp":"2026-05-29T06:59:48.535063Z","level":"info","event":"Filling up the DagBag from /opt/airflow/dags/exercise_1/etl_engineer_challenge.py","logger":"airflow.dag_processing.dagbag.BundleDagBag","filename":"dagbag.py","lineno":469}
{"timestamp":"2026-05-29T06:59:48.563585Z","level":"warning","event":"The `airflow.decorators.dag` attribute is deprecated. Please use `'airflow.sdk.dag'`.","category":"UserWarning","filename":"/opt/airflow/dags/exercise_1/etl_engineer_challenge.py","lineno":8,"logger":"py.warnings"}
{"timestamp":"2026-05-29T06:59:48.563750Z","level":"warning","event":"The `airflow.decorators.task` attribute is deprecated. Please use `'airflow.sdk.task'`.","category":"UserWarning","filename":"/opt/airflow/dags/exercise_1/etl_engineer_challenge.py","lineno":8,"logger":"py.warnings"}
{"timestamp":"2026-05-29T06:59:48.988229Z","level":"warning","event":"The `airflow.hooks.base.BaseHook` attribute is deprecated. Please use `'airflow.sdk.bases.hook.BaseHook'`.","category":"DeprecatedImportWarning","filename":"/opt/airflow/dags/exercise_1/etl_engineer_challenge.py","lineno":43,"logger":"py.warnings"}
{"timestamp":"2026-05-29T06:59:48.988527Z","level":"info","event":"process_data: start","logger":"unusual_prefix_80a755f5b4d75239b321c4f1da22474359a992cb_etl_engineer_challenge","filename":"etl_engineer_challenge.py","lineno":48}
{"timestamp":"2026-05-29T06:59:48.988645Z","level":"info","event":"process_data: retrieving MinIO connection","logger":"unusual_prefix_80a755f5b4d75239b321c4f1da22474359a992cb_etl_engineer_challenge","filename":"etl_engineer_challenge.py","lineno":55}
{"timestamp":"2026-05-29T06:59:48.999833Z","level":"info","event":"process_data: MinIO connection retrieved","logger":"unusual_prefix_80a755f5b4d75239b321c4f1da22474359a992cb_etl_engineer_challenge","filename":"etl_engineer_challenge.py","lineno":63}
{"timestamp":"2026-05-29T06:59:48.999966Z","level":"info","event":"process_data: creating S3 client","logger":"unusual_prefix_80a755f5b4d75239b321c4f1da22474359a992cb_etl_engineer_challenge","filename":"etl_engineer_challenge.py","lineno":72}
{"timestamp":"2026-05-29T06:59:49.072973Z","level":"info","event":"process_data: reading CSV from MinIO bucket=bck-landing key=data/data_prueba_tecnica.csv","logger":"unusual_prefix_80a755f5b4d75239b321c4f1da22474359a992cb_etl_engineer_challenge","filename":"etl_engineer_challenge.py","lineno":81}
{"timestamp":"2026-05-29T06:59:49.114293Z","level":"info","event":"process_data: CSV bytes read successfully","logger":"unusual_prefix_80a755f5b4d75239b321c4f1da22474359a992cb_etl_engineer_challenge","filename":"etl_engineer_challenge.py","lineno":83}
{"timestamp":"2026-05-29T06:59:49.114470Z","level":"info","event":"process_data: loading CSV into DataFrame","logger":"unusual_prefix_80a755f5b4d75239b321c4f1da22474359a992cb_etl_engineer_challenge","filename":"etl_engineer_challenge.py","lineno":85}
{"timestamp":"2026-05-29T06:59:49.131903Z","level":"info","event":"process_data: DataFrame loaded rows=10000 cols=7","logger":"unusual_prefix_80a755f5b4d75239b321c4f1da22474359a992cb_etl_engineer_challenge","filename":"etl_engineer_challenge.py","lineno":92}
{"timestamp":"2026-05-29T06:59:49.132080Z","level":"info","event":"process_data: starting cleaning","logger":"unusual_prefix_80a755f5b4d75239b321c4f1da22474359a992cb_etl_engineer_challenge","filename":"etl_engineer_challenge.py","lineno":98}
{"timestamp":"2026-05-29T06:59:49.132145Z","level":"info","event":"process_data: starting cleaning 2","logger":"unusual_prefix_80a755f5b4d75239b321c4f1da22474359a992cb_etl_engineer_challenge","filename":"etl_engineer_challenge.py","lineno":111}
{"timestamp":"2026-05-29T06:59:49.135007Z","level":"info","event":"process_data: starting cleaning 3","logger":"unusual_prefix_80a755f5b4d75239b321c4f1da22474359a992cb_etl_engineer_challenge","filename":"etl_engineer_challenge.py","lineno":115}
{"timestamp":"2026-05-29T06:59:49.142005Z","level":"info","event":"process_data: starting cleaning","logger":"unusual_prefix_80a755f5b4d75239b321c4f1da22474359a992cb_etl_engineer_challenge","filename":"etl_engineer_challenge.py","lineno":126}
{"timestamp":"2026-05-29T06:59:49.144553Z","level":"info","event":"0.1","logger":"unusual_prefix_80a755f5b4d75239b321c4f1da22474359a992cb_etl_engineer_challenge","filename":"etl_engineer_challenge.py","lineno":131}
{"timestamp":"2026-05-29T06:59:49.145774Z","level":"info","event":"Cleaning chunk rows=1000 cols=7","logger":"unusual_prefix_80a755f5b4d75239b321c4f1da22474359a992cb_etl_engineer_challenge","filename":"etl_engineer_challenge.py","lineno":137}
{"timestamp":"2026-05-29T06:59:49.150740Z","level":"info","event":"10","logger":"unusual_prefix_80a755f5b4d75239b321c4f1da22474359a992cb_etl_engineer_challenge","filename":"etl_engineer_challenge.py","lineno":144}
{"timestamp":"2026-05-29T06:59:49.151811Z","level":"info","event":"20","logger":"unusual_prefix_80a755f5b4d75239b321c4f1da22474359a992cb_etl_engineer_challenge","filename":"etl_engineer_challenge.py","lineno":148}
{"timestamp":"2026-05-29T06:59:49.156337Z","level":"info","event":"Cleaning chunk rows=1000 cols=7","logger":"unusual_prefix_80a755f5b4d75239b321c4f1da22474359a992cb_etl_engineer_challenge","filename":"etl_engineer_challenge.py","lineno":137}
{"timestamp":"2026-05-29T06:59:49.160072Z","level":"info","event":"10","logger":"unusual_prefix_80a755f5b4d75239b321c4f1da22474359a992cb_etl_engineer_challenge","filename":"etl_engineer_challenge.py","lineno":144}
{"timestamp":"2026-05-29T06:59:49.160998Z","level":"info","event":"20","logger":"unusual_prefix_80a755f5b4d75239b321c4f1da22474359a992cb_etl_engineer_challenge","filename":"etl_engineer_challenge.py","lineno":148}
{"timestamp":"2026-05-29T06:59:49.165037Z","level":"info","event":"Cleaning chunk rows=1000 cols=7","logger":"unusual_prefix_80a755f5b4d75239b321c4f1da22474359a992cb_etl_engineer_challenge","filename":"etl_engineer_challenge.py","lineno":137}
{"timestamp":"2026-05-29T06:59:49.168276Z","level":"info","event":"10","logger":"unusual_prefix_80a755f5b4d75239b321c4f1da22474359a992cb_etl_engineer_challenge","filename":"etl_engineer_challenge.py","lineno":144}
{"timestamp":"2026-05-29T06:59:49.169285Z","level":"info","event":"20","logger":"unusual_prefix_80a755f5b4d75239b321c4f1da22474359a992cb_etl_engineer_challenge","filename":"etl_engineer_challenge.py","lineno":148}
{"timestamp":"2026-05-29T06:59:49.172344Z","level":"info","event":"Cleaning chunk rows=1000 cols=7","logger":"unusual_prefix_80a755f5b4d75239b321c4f1da22474359a992cb_etl_engineer_challenge","filename":"etl_engineer_challenge.py","lineno":137}
{"timestamp":"2026-05-29T06:59:49.175043Z","level":"info","event":"10","logger":"unusual_prefix_80a755f5b4d75239b321c4f1da22474359a992cb_etl_engineer_challenge","filename":"etl_engineer_challenge.py","lineno":144}
{"timestamp":"2026-05-29T06:59:49.175944Z","level":"info","event":"20","logger":"unusual_prefix_80a755f5b4d75239b321c4f1da22474359a992cb_etl_engineer_challenge","filename":"etl_engineer_challenge.py","lineno":148}
{"timestamp":"2026-05-29T06:59:49.178947Z","level":"info","event":"Cleaning chunk rows=1000 cols=7","logger":"unusual_prefix_80a755f5b4d75239b321c4f1da22474359a992cb_etl_engineer_challenge","filename":"etl_engineer_challenge.py","lineno":137}
{"timestamp":"2026-05-29T06:59:49.181730Z","level":"info","event":"10","logger":"unusual_prefix_80a755f5b4d75239b321c4f1da22474359a992cb_etl_engineer_challenge","filename":"etl_engineer_challenge.py","lineno":144}
{"timestamp":"2026-05-29T06:59:49.182553Z","level":"info","event":"20","logger":"unusual_prefix_80a755f5b4d75239b321c4f1da22474359a992cb_etl_engineer_challenge","filename":"etl_engineer_challenge.py","lineno":148}
{"timestamp":"2026-05-29T06:59:49.186017Z","level":"info","event":"Cleaning chunk rows=1000 cols=7","logger":"unusual_prefix_80a755f5b4d75239b321c4f1da22474359a992cb_etl_engineer_challenge","filename":"etl_engineer_challenge.py","lineno":137}
{"timestamp":"2026-05-29T06:59:49.188956Z","level":"info","event":"10","logger":"unusual_prefix_80a755f5b4d75239b321c4f1da22474359a992cb_etl_engineer_challenge","filename":"etl_engineer_challenge.py","lineno":144}
{"timestamp":"2026-05-29T06:59:49.189829Z","level":"info","event":"20","logger":"unusual_prefix_80a755f5b4d75239b321c4f1da22474359a992cb_etl_engineer_challenge","filename":"etl_engineer_challenge.py","lineno":148}
{"timestamp":"2026-05-29T06:59:49.193477Z","level":"info","event":"Cleaning chunk rows=1000 cols=7","logger":"unusual_prefix_80a755f5b4d75239b321c4f1da22474359a992cb_etl_engineer_challenge","filename":"etl_engineer_challenge.py","lineno":137}
{"timestamp":"2026-05-29T06:59:49.196451Z","level":"info","event":"10","logger":"unusual_prefix_80a755f5b4d75239b321c4f1da22474359a992cb_etl_engineer_challenge","filename":"etl_engineer_challenge.py","lineno":144}
{"timestamp":"2026-05-29T06:59:49.197251Z","level":"info","event":"20","logger":"unusual_prefix_80a755f5b4d75239b321c4f1da22474359a992cb_etl_engineer_challenge","filename":"etl_engineer_challenge.py","lineno":148}
{"timestamp":"2026-05-29T06:59:49.200380Z","level":"info","event":"Cleaning chunk rows=1000 cols=7","logger":"unusual_prefix_80a755f5b4d75239b321c4f1da22474359a992cb_etl_engineer_challenge","filename":"etl_engineer_challenge.py","lineno":137}
{"timestamp":"2026-05-29T06:59:49.203093Z","level":"info","event":"10","logger":"unusual_prefix_80a755f5b4d75239b321c4f1da22474359a992cb_etl_engineer_challenge","filename":"etl_engineer_challenge.py","lineno":144}
{"timestamp":"2026-05-29T06:59:49.203870Z","level":"info","event":"20","logger":"unusual_prefix_80a755f5b4d75239b321c4f1da22474359a992cb_etl_engineer_challenge","filename":"etl_engineer_challenge.py","lineno":148}
{"timestamp":"2026-05-29T06:59:49.206788Z","level":"info","event":"Cleaning chunk rows=1000 cols=7","logger":"unusual_prefix_80a755f5b4d75239b321c4f1da22474359a992cb_etl_engineer_challenge","filename":"etl_engineer_challenge.py","lineno":137}
{"timestamp":"2026-05-29T06:59:49.209234Z","level":"info","event":"10","logger":"unusual_prefix_80a755f5b4d75239b321c4f1da22474359a992cb_etl_engineer_challenge","filename":"etl_engineer_challenge.py","lineno":144}
{"timestamp":"2026-05-29T06:59:49.210029Z","level":"info","event":"20","logger":"unusual_prefix_80a755f5b4d75239b321c4f1da22474359a992cb_etl_engineer_challenge","filename":"etl_engineer_challenge.py","lineno":148}
{"timestamp":"2026-05-29T06:59:49.212942Z","level":"info","event":"Cleaning chunk rows=1000 cols=7","logger":"unusual_prefix_80a755f5b4d75239b321c4f1da22474359a992cb_etl_engineer_challenge","filename":"etl_engineer_challenge.py","lineno":137}
{"timestamp":"2026-05-29T06:59:49.215885Z","level":"info","event":"10","logger":"unusual_prefix_80a755f5b4d75239b321c4f1da22474359a992cb_etl_engineer_challenge","filename":"etl_engineer_challenge.py","lineno":144}
{"timestamp":"2026-05-29T06:59:49.216693Z","level":"info","event":"20","logger":"unusual_prefix_80a755f5b4d75239b321c4f1da22474359a992cb_etl_engineer_challenge","filename":"etl_engineer_challenge.py","lineno":148}
{"timestamp":"2026-05-29T06:59:49.220800Z","level":"info","event":"2","logger":"unusual_prefix_80a755f5b4d75239b321c4f1da22474359a992cb_etl_engineer_challenge","filename":"etl_engineer_challenge.py","lineno":179}
{"timestamp":"2026-05-29T06:59:49.220932Z","level":"info","event":"process_data: starting aggregation","logger":"unusual_prefix_80a755f5b4d75239b321c4f1da22474359a992cb_etl_engineer_challenge","filename":"etl_engineer_challenge.py","lineno":186}
{"timestamp":"2026-05-29T06:59:49.222662Z","level":"error","event":"Error during data aggregation","logger":"unusual_prefix_80a755f5b4d75239b321c4f1da22474359a992cb_etl_engineer_challenge","filename":"etl_engineer_challenge.py","lineno":208,"error_detail":[{"exc_type":"KeyError","exc_value":"\"Column(s) ['pendig_payment'] do not exist\"","exc_notes":[],"syntax_error":null,"is_cause":false,"frames":[{"filename":"/opt/airflow/dags/exercise_1/etl_engineer_challenge.py","lineno":189,"name":"process_data"},{"filename":"/home/airflow/.local/lib/python3.13/site-packages/pandas/core/groupby/generic.py","lineno":1432,"name":"aggregate"},{"filename":"/home/airflow/.local/lib/python3.13/site-packages/pandas/core/apply.py","lineno":190,"name":"agg"},{"filename":"/home/airflow/.local/lib/python3.13/site-packages/pandas/core/apply.py","lineno":423,"name":"agg_dict_like"},{"filename":"/home/airflow/.local/lib/python3.13/site-packages/pandas/core/apply.py","lineno":1603,"name":"agg_or_apply_dict_like"},{"filename":"/home/airflow/.local/lib/python3.13/site-packages/pandas/core/apply.py","lineno":462,"name":"compute_dict_like"},{"filename":"/home/airflow/.local/lib/python3.13/site-packages/pandas/core/apply.py","lineno":663,"name":"normalize_dictlike_arg"}],"is_group":false,"exceptions":[]}]}
{"timestamp":"2026-05-29T06:59:49.223004Z","level":"error","event":"Task failed with exception","logger":"task","filename":"task_runner.py","lineno":1347,"error_detail":[{"exc_type":"KeyError","exc_value":"\"Column(s) ['pendig_payment'] do not exist\"","exc_notes":[],"syntax_error":null,"is_cause":false,"frames":[{"filename":"/home/airflow/.local/lib/python3.13/site-packages/airflow/sdk/execution_time/task_runner.py","lineno":1263,"name":"run"},{"filename":"/home/airflow/.local/lib/python3.13/site-packages/airflow/sdk/execution_time/task_runner.py","lineno":1678,"name":"_execute_task"},{"filename":"/home/airflow/.local/lib/python3.13/site-packages/airflow/sdk/bases/operator.py","lineno":443,"name":"wrapper"},{"filename":"/home/airflow/.local/lib/python3.13/site-packages/airflow/sdk/bases/decorator.py","lineno":397,"name":"execute"},{"filename":"/home/airflow/.local/lib/python3.13/site-packages/airflow/sdk/bases/operator.py","lineno":443,"name":"wrapper"},{"filename":"/home/airflow/.local/lib/python3.13/site-packages/airflow/providers/standard/operators/python.py","lineno":227,"name":"execute"},{"filename":"/home/airflow/.local/lib/python3.13/site-packages/airflow/providers/standard/operators/python.py","lineno":250,"name":"execute_callable"},{"filename":"/home/airflow/.local/lib/python3.13/site-packages/airflow/sdk/execution_time/callback_runner.py","lineno":97,"name":"run"},{"filename":"/opt/airflow/dags/exercise_1/etl_engineer_challenge.py","lineno":189,"name":"process_data"},{"filename":"/home/airflow/.local/lib/python3.13/site-packages/pandas/core/groupby/generic.py","lineno":1432,"name":"aggregate"},{"filename":"/home/airflow/.local/lib/python3.13/site-packages/pandas/core/apply.py","lineno":190,"name":"agg"},{"filename":"/home/airflow/.local/lib/python3.13/site-packages/pandas/core/apply.py","lineno":423,"name":"agg_dict_like"},{"filename":"/home/airflow/.local/lib/python3.13/site-packages/pandas/core/apply.py","lineno":1603,"name":"agg_or_apply_dict_like"},{"filename":"/home/airflow/.local/lib/python3.13/site-packages/pandas/core/apply.py","lineno":462,"name":"compute_dict_like"},{"filename":"/home/airflow/.local/lib/python3.13/site-packages/pandas/core/apply.py","lineno":663,"name":"normalize_dictlike_arg"}],"is_group":false,"exceptions":[]}]}
