{"timestamp":"2026-05-29T06:59:12.727296Z","level":"info","event":"DAG bundles loaded: dags-folder","logger":"airflow.dag_processing.bundles.manager.DagBundlesManager","filename":"manager.py","lineno":209}
{"timestamp":"2026-05-29T06:59:12.730183Z","level":"info","event":"Filling up the DagBag from /opt/airflow/dags/exercise_1/etl_engineer_challenge.py","logger":"airflow.dag_processing.dagbag.BundleDagBag","filename":"dagbag.py","lineno":469}
{"timestamp":"2026-05-29T06:59:12.767755Z","level":"warning","event":"The `airflow.decorators.dag` attribute is deprecated. Please use `'airflow.sdk.dag'`.","category":"UserWarning","filename":"/opt/airflow/dags/exercise_1/etl_engineer_challenge.py","lineno":8,"logger":"py.warnings"}
{"timestamp":"2026-05-29T06:59:12.767880Z","level":"warning","event":"The `airflow.decorators.task` attribute is deprecated. Please use `'airflow.sdk.task'`.","category":"UserWarning","filename":"/opt/airflow/dags/exercise_1/etl_engineer_challenge.py","lineno":8,"logger":"py.warnings"}
{"timestamp":"2026-05-29T06:59:13.235104Z","level":"warning","event":"The `airflow.hooks.base.BaseHook` attribute is deprecated. Please use `'airflow.sdk.bases.hook.BaseHook'`.","category":"DeprecatedImportWarning","filename":"/opt/airflow/dags/exercise_1/etl_engineer_challenge.py","lineno":43,"logger":"py.warnings"}
{"timestamp":"2026-05-29T06:59:13.235440Z","level":"info","event":"process_data: start","logger":"unusual_prefix_80a755f5b4d75239b321c4f1da22474359a992cb_etl_engineer_challenge","filename":"etl_engineer_challenge.py","lineno":48}
{"timestamp":"2026-05-29T06:59:13.235567Z","level":"info","event":"process_data: retrieving MinIO connection","logger":"unusual_prefix_80a755f5b4d75239b321c4f1da22474359a992cb_etl_engineer_challenge","filename":"etl_engineer_challenge.py","lineno":55}
{"timestamp":"2026-05-29T06:59:13.246698Z","level":"info","event":"process_data: MinIO connection retrieved","logger":"unusual_prefix_80a755f5b4d75239b321c4f1da22474359a992cb_etl_engineer_challenge","filename":"etl_engineer_challenge.py","lineno":63}
{"timestamp":"2026-05-29T06:59:13.246834Z","level":"info","event":"process_data: creating S3 client","logger":"unusual_prefix_80a755f5b4d75239b321c4f1da22474359a992cb_etl_engineer_challenge","filename":"etl_engineer_challenge.py","lineno":72}
{"timestamp":"2026-05-29T06:59:13.328815Z","level":"info","event":"process_data: reading CSV from MinIO bucket=bck-landing key=data/data_prueba_tecnica.csv","logger":"unusual_prefix_80a755f5b4d75239b321c4f1da22474359a992cb_etl_engineer_challenge","filename":"etl_engineer_challenge.py","lineno":81}
{"timestamp":"2026-05-29T06:59:13.370643Z","level":"info","event":"process_data: CSV bytes read successfully","logger":"unusual_prefix_80a755f5b4d75239b321c4f1da22474359a992cb_etl_engineer_challenge","filename":"etl_engineer_challenge.py","lineno":83}
{"timestamp":"2026-05-29T06:59:13.370816Z","level":"info","event":"process_data: loading CSV into DataFrame","logger":"unusual_prefix_80a755f5b4d75239b321c4f1da22474359a992cb_etl_engineer_challenge","filename":"etl_engineer_challenge.py","lineno":85}
{"timestamp":"2026-05-29T06:59:13.388023Z","level":"info","event":"process_data: DataFrame loaded rows=10000 cols=7","logger":"unusual_prefix_80a755f5b4d75239b321c4f1da22474359a992cb_etl_engineer_challenge","filename":"etl_engineer_challenge.py","lineno":92}
{"timestamp":"2026-05-29T06:59:13.388201Z","level":"info","event":"process_data: starting cleaning","logger":"unusual_prefix_80a755f5b4d75239b321c4f1da22474359a992cb_etl_engineer_challenge","filename":"etl_engineer_challenge.py","lineno":98}
{"timestamp":"2026-05-29T06:59:13.388263Z","level":"info","event":"process_data: starting cleaning 2","logger":"unusual_prefix_80a755f5b4d75239b321c4f1da22474359a992cb_etl_engineer_challenge","filename":"etl_engineer_challenge.py","lineno":111}
{"timestamp":"2026-05-29T06:59:13.391474Z","level":"info","event":"process_data: starting cleaning 3","logger":"unusual_prefix_80a755f5b4d75239b321c4f1da22474359a992cb_etl_engineer_challenge","filename":"etl_engineer_challenge.py","lineno":115}
{"timestamp":"2026-05-29T06:59:13.398338Z","level":"info","event":"process_data: starting cleaning","logger":"unusual_prefix_80a755f5b4d75239b321c4f1da22474359a992cb_etl_engineer_challenge","filename":"etl_engineer_challenge.py","lineno":126}
{"timestamp":"2026-05-29T06:59:13.400784Z","level":"info","event":"0.1","logger":"unusual_prefix_80a755f5b4d75239b321c4f1da22474359a992cb_etl_engineer_challenge","filename":"etl_engineer_challenge.py","lineno":131}
{"timestamp":"2026-05-29T06:59:13.401842Z","level":"info","event":"Cleaning chunk rows=1000 cols=7","logger":"unusual_prefix_80a755f5b4d75239b321c4f1da22474359a992cb_etl_engineer_challenge","filename":"etl_engineer_challenge.py","lineno":137}
{"timestamp":"2026-05-29T06:59:13.406813Z","level":"info","event":"10","logger":"unusual_prefix_80a755f5b4d75239b321c4f1da22474359a992cb_etl_engineer_challenge","filename":"etl_engineer_challenge.py","lineno":144}
{"timestamp":"2026-05-29T06:59:13.407810Z","level":"info","event":"20","logger":"unusual_prefix_80a755f5b4d75239b321c4f1da22474359a992cb_etl_engineer_challenge","filename":"etl_engineer_challenge.py","lineno":148}
{"timestamp":"2026-05-29T06:59:13.412044Z","level":"info","event":"Cleaning chunk rows=1000 cols=7","logger":"unusual_prefix_80a755f5b4d75239b321c4f1da22474359a992cb_etl_engineer_challenge","filename":"etl_engineer_challenge.py","lineno":137}
{"timestamp":"2026-05-29T06:59:13.414758Z","level":"info","event":"10","logger":"unusual_prefix_80a755f5b4d75239b321c4f1da22474359a992cb_etl_engineer_challenge","filename":"etl_engineer_challenge.py","lineno":144}
{"timestamp":"2026-05-29T06:59:13.415507Z","level":"info","event":"20","logger":"unusual_prefix_80a755f5b4d75239b321c4f1da22474359a992cb_etl_engineer_challenge","filename":"etl_engineer_challenge.py","lineno":148}
{"timestamp":"2026-05-29T06:59:13.418481Z","level":"info","event":"Cleaning chunk rows=1000 cols=7","logger":"unusual_prefix_80a755f5b4d75239b321c4f1da22474359a992cb_etl_engineer_challenge","filename":"etl_engineer_challenge.py","lineno":137}
{"timestamp":"2026-05-29T06:59:13.421162Z","level":"info","event":"10","logger":"unusual_prefix_80a755f5b4d75239b321c4f1da22474359a992cb_etl_engineer_challenge","filename":"etl_engineer_challenge.py","lineno":144}
{"timestamp":"2026-05-29T06:59:13.422030Z","level":"info","event":"20","logger":"unusual_prefix_80a755f5b4d75239b321c4f1da22474359a992cb_etl_engineer_challenge","filename":"etl_engineer_challenge.py","lineno":148}
{"timestamp":"2026-05-29T06:59:13.425154Z","level":"info","event":"Cleaning chunk rows=1000 cols=7","logger":"unusual_prefix_80a755f5b4d75239b321c4f1da22474359a992cb_etl_engineer_challenge","filename":"etl_engineer_challenge.py","lineno":137}
{"timestamp":"2026-05-29T06:59:13.428459Z","level":"info","event":"10","logger":"unusual_prefix_80a755f5b4d75239b321c4f1da22474359a992cb_etl_engineer_challenge","filename":"etl_engineer_challenge.py","lineno":144}
{"timestamp":"2026-05-29T06:59:13.429391Z","level":"info","event":"20","logger":"unusual_prefix_80a755f5b4d75239b321c4f1da22474359a992cb_etl_engineer_challenge","filename":"etl_engineer_challenge.py","lineno":148}
{"timestamp":"2026-05-29T06:59:13.432371Z","level":"info","event":"Cleaning chunk rows=1000 cols=7","logger":"unusual_prefix_80a755f5b4d75239b321c4f1da22474359a992cb_etl_engineer_challenge","filename":"etl_engineer_challenge.py","lineno":137}
{"timestamp":"2026-05-29T06:59:13.435120Z","level":"info","event":"10","logger":"unusual_prefix_80a755f5b4d75239b321c4f1da22474359a992cb_etl_engineer_challenge","filename":"etl_engineer_challenge.py","lineno":144}
{"timestamp":"2026-05-29T06:59:13.435882Z","level":"info","event":"20","logger":"unusual_prefix_80a755f5b4d75239b321c4f1da22474359a992cb_etl_engineer_challenge","filename":"etl_engineer_challenge.py","lineno":148}
{"timestamp":"2026-05-29T06:59:13.439156Z","level":"info","event":"Cleaning chunk rows=1000 cols=7","logger":"unusual_prefix_80a755f5b4d75239b321c4f1da22474359a992cb_etl_engineer_challenge","filename":"etl_engineer_challenge.py","lineno":137}
{"timestamp":"2026-05-29T06:59:13.442205Z","level":"info","event":"10","logger":"unusual_prefix_80a755f5b4d75239b321c4f1da22474359a992cb_etl_engineer_challenge","filename":"etl_engineer_challenge.py","lineno":144}
{"timestamp":"2026-05-29T06:59:13.443085Z","level":"info","event":"20","logger":"unusual_prefix_80a755f5b4d75239b321c4f1da22474359a992cb_etl_engineer_challenge","filename":"etl_engineer_challenge.py","lineno":148}
{"timestamp":"2026-05-29T06:59:13.446343Z","level":"info","event":"Cleaning chunk rows=1000 cols=7","logger":"unusual_prefix_80a755f5b4d75239b321c4f1da22474359a992cb_etl_engineer_challenge","filename":"etl_engineer_challenge.py","lineno":137}
{"timestamp":"2026-05-29T06:59:13.449333Z","level":"info","event":"10","logger":"unusual_prefix_80a755f5b4d75239b321c4f1da22474359a992cb_etl_engineer_challenge","filename":"etl_engineer_challenge.py","lineno":144}
{"timestamp":"2026-05-29T06:59:13.450136Z","level":"info","event":"20","logger":"unusual_prefix_80a755f5b4d75239b321c4f1da22474359a992cb_etl_engineer_challenge","filename":"etl_engineer_challenge.py","lineno":148}
{"timestamp":"2026-05-29T06:59:13.453522Z","level":"info","event":"Cleaning chunk rows=1000 cols=7","logger":"unusual_prefix_80a755f5b4d75239b321c4f1da22474359a992cb_etl_engineer_challenge","filename":"etl_engineer_challenge.py","lineno":137}
{"timestamp":"2026-05-29T06:59:13.456304Z","level":"info","event":"10","logger":"unusual_prefix_80a755f5b4d75239b321c4f1da22474359a992cb_etl_engineer_challenge","filename":"etl_engineer_challenge.py","lineno":144}
{"timestamp":"2026-05-29T06:59:13.457191Z","level":"info","event":"20","logger":"unusual_prefix_80a755f5b4d75239b321c4f1da22474359a992cb_etl_engineer_challenge","filename":"etl_engineer_challenge.py","lineno":148}
{"timestamp":"2026-05-29T06:59:13.460148Z","level":"info","event":"Cleaning chunk rows=1000 cols=7","logger":"unusual_prefix_80a755f5b4d75239b321c4f1da22474359a992cb_etl_engineer_challenge","filename":"etl_engineer_challenge.py","lineno":137}
{"timestamp":"2026-05-29T06:59:13.462816Z","level":"info","event":"10","logger":"unusual_prefix_80a755f5b4d75239b321c4f1da22474359a992cb_etl_engineer_challenge","filename":"etl_engineer_challenge.py","lineno":144}
{"timestamp":"2026-05-29T06:59:13.463601Z","level":"info","event":"20","logger":"unusual_prefix_80a755f5b4d75239b321c4f1da22474359a992cb_etl_engineer_challenge","filename":"etl_engineer_challenge.py","lineno":148}
{"timestamp":"2026-05-29T06:59:13.466381Z","level":"info","event":"Cleaning chunk rows=1000 cols=7","logger":"unusual_prefix_80a755f5b4d75239b321c4f1da22474359a992cb_etl_engineer_challenge","filename":"etl_engineer_challenge.py","lineno":137}
{"timestamp":"2026-05-29T06:59:13.469434Z","level":"info","event":"10","logger":"unusual_prefix_80a755f5b4d75239b321c4f1da22474359a992cb_etl_engineer_challenge","filename":"etl_engineer_challenge.py","lineno":144}
{"timestamp":"2026-05-29T06:59:13.470150Z","level":"info","event":"20","logger":"unusual_prefix_80a755f5b4d75239b321c4f1da22474359a992cb_etl_engineer_challenge","filename":"etl_engineer_challenge.py","lineno":148}
{"timestamp":"2026-05-29T06:59:13.474209Z","level":"info","event":"2","logger":"unusual_prefix_80a755f5b4d75239b321c4f1da22474359a992cb_etl_engineer_challenge","filename":"etl_engineer_challenge.py","lineno":179}
{"timestamp":"2026-05-29T06:59:13.474362Z","level":"info","event":"process_data: starting aggregation","logger":"unusual_prefix_80a755f5b4d75239b321c4f1da22474359a992cb_etl_engineer_challenge","filename":"etl_engineer_challenge.py","lineno":186}
{"timestamp":"2026-05-29T06:59:13.476700Z","level":"error","event":"Error during data aggregation","logger":"unusual_prefix_80a755f5b4d75239b321c4f1da22474359a992cb_etl_engineer_challenge","filename":"etl_engineer_challenge.py","lineno":208,"error_detail":[{"exc_type":"KeyError","exc_value":"\"Column(s) ['pendig_payment'] do not exist\"","exc_notes":[],"syntax_error":null,"is_cause":false,"frames":[{"filename":"/opt/airflow/dags/exercise_1/etl_engineer_challenge.py","lineno":189,"name":"process_data"},{"filename":"/home/airflow/.local/lib/python3.13/site-packages/pandas/core/groupby/generic.py","lineno":1432,"name":"aggregate"},{"filename":"/home/airflow/.local/lib/python3.13/site-packages/pandas/core/apply.py","lineno":190,"name":"agg"},{"filename":"/home/airflow/.local/lib/python3.13/site-packages/pandas/core/apply.py","lineno":423,"name":"agg_dict_like"},{"filename":"/home/airflow/.local/lib/python3.13/site-packages/pandas/core/apply.py","lineno":1603,"name":"agg_or_apply_dict_like"},{"filename":"/home/airflow/.local/lib/python3.13/site-packages/pandas/core/apply.py","lineno":462,"name":"compute_dict_like"},{"filename":"/home/airflow/.local/lib/python3.13/site-packages/pandas/core/apply.py","lineno":663,"name":"normalize_dictlike_arg"}],"is_group":false,"exceptions":[]}]}
{"timestamp":"2026-05-29T06:59:13.477134Z","level":"error","event":"Task failed with exception","logger":"task","filename":"task_runner.py","lineno":1347,"error_detail":[{"exc_type":"KeyError","exc_value":"\"Column(s) ['pendig_payment'] do not exist\"","exc_notes":[],"syntax_error":null,"is_cause":false,"frames":[{"filename":"/home/airflow/.local/lib/python3.13/site-packages/airflow/sdk/execution_time/task_runner.py","lineno":1263,"name":"run"},{"filename":"/home/airflow/.local/lib/python3.13/site-packages/airflow/sdk/execution_time/task_runner.py","lineno":1678,"name":"_execute_task"},{"filename":"/home/airflow/.local/lib/python3.13/site-packages/airflow/sdk/bases/operator.py","lineno":443,"name":"wrapper"},{"filename":"/home/airflow/.local/lib/python3.13/site-packages/airflow/sdk/bases/decorator.py","lineno":397,"name":"execute"},{"filename":"/home/airflow/.local/lib/python3.13/site-packages/airflow/sdk/bases/operator.py","lineno":443,"name":"wrapper"},{"filename":"/home/airflow/.local/lib/python3.13/site-packages/airflow/providers/standard/operators/python.py","lineno":227,"name":"execute"},{"filename":"/home/airflow/.local/lib/python3.13/site-packages/airflow/providers/standard/operators/python.py","lineno":250,"name":"execute_callable"},{"filename":"/home/airflow/.local/lib/python3.13/site-packages/airflow/sdk/execution_time/callback_runner.py","lineno":97,"name":"run"},{"filename":"/opt/airflow/dags/exercise_1/etl_engineer_challenge.py","lineno":189,"name":"process_data"},{"filename":"/home/airflow/.local/lib/python3.13/site-packages/pandas/core/groupby/generic.py","lineno":1432,"name":"aggregate"},{"filename":"/home/airflow/.local/lib/python3.13/site-packages/pandas/core/apply.py","lineno":190,"name":"agg"},{"filename":"/home/airflow/.local/lib/python3.13/site-packages/pandas/core/apply.py","lineno":423,"name":"agg_dict_like"},{"filename":"/home/airflow/.local/lib/python3.13/site-packages/pandas/core/apply.py","lineno":1603,"name":"agg_or_apply_dict_like"},{"filename":"/home/airflow/.local/lib/python3.13/site-packages/pandas/core/apply.py","lineno":462,"name":"compute_dict_like"},{"filename":"/home/airflow/.local/lib/python3.13/site-packages/pandas/core/apply.py","lineno":663,"name":"normalize_dictlike_arg"}],"is_group":false,"exceptions":[]}]}
